Component: ARM Compiler 5.06 update 7 (build 960) Tool: armlink [4d3601]

==============================================================================

Section Cross References

    startup_stm32f103xe.o(STACK) refers (Special) to heapauxi.o(.text) for __use_two_region_memory
    startup_stm32f103xe.o(HEAP) refers (Special) to heapauxi.o(.text) for __use_two_region_memory
    startup_stm32f103xe.o(RESET) refers (Special) to heapauxi.o(.text) for __use_two_region_memory
    startup_stm32f103xe.o(RESET) refers to startup_stm32f103xe.o(STACK) for __initial_sp
    startup_stm32f103xe.o(RESET) refers to startup_stm32f103xe.o(.text) for Reset_Handler
    startup_stm32f103xe.o(RESET) refers to stm32f1xx_it.o(i.NMI_Handler) for NMI_Handler
    startup_stm32f103xe.o(RESET) refers to stm32f1xx_it.o(i.HardFault_Handler) for HardFault_Handler
    startup_stm32f103xe.o(RESET) refers to stm32f1xx_it.o(i.MemManage_Handler) for MemManage_Handler
    startup_stm32f103xe.o(RESET) refers to stm32f1xx_it.o(i.BusFault_Handler) for BusFault_Handler
    startup_stm32f103xe.o(RESET) refers to stm32f1xx_it.o(i.UsageFault_Handler) for UsageFault_Handler
    startup_stm32f103xe.o(RESET) refers to stm32f1xx_it.o(i.SVC_Handler) for SVC_Handler
    startup_stm32f103xe.o(RESET) refers to stm32f1xx_it.o(i.DebugMon_Handler) for DebugMon_Handler
    startup_stm32f103xe.o(RESET) refers to stm32f1xx_it.o(i.PendSV_Handler) for PendSV_Handler
    startup_stm32f103xe.o(RESET) refers to stm32f1xx_it.o(i.SysTick_Handler) for SysTick_Handler
    startup_stm32f103xe.o(RESET) refers to stm32f1xx_it.o(i.DMA1_Channel4_IRQHandler) for DMA1_Channel4_IRQHandler
    startup_stm32f103xe.o(RESET) refers to stm32f1xx_it.o(i.DMA1_Channel5_IRQHandler) for DMA1_Channel5_IRQHandler
    startup_stm32f103xe.o(RESET) refers to stm32f1xx_it.o(i.USB_LP_CAN1_RX0_IRQHandler) for USB_LP_CAN1_RX0_IRQHandler
    startup_stm32f103xe.o(RESET) refers to stm32f1xx_it.o(i.USART1_IRQHandler) for USART1_IRQHandler
    startup_stm32f103xe.o(.text) refers (Special) to heapauxi.o(.text) for __use_two_region_memory
    startup_stm32f103xe.o(.text) refers to system_stm32f1xx.o(i.SystemInit) for SystemInit
    startup_stm32f103xe.o(.text) refers to __main.o(!!!main) for __main
    startup_stm32f103xe.o(.text) refers to startup_stm32f103xe.o(HEAP) for Heap_Mem
    startup_stm32f103xe.o(.text) refers to startup_stm32f103xe.o(STACK) for Stack_Mem
    main.o(i.MX_GPIO_Init) refers to stm32f1xx_hal_gpio.o(i.HAL_GPIO_WritePin) for HAL_GPIO_WritePin
    main.o(i.MX_GPIO_Init) refers to stm32f1xx_hal_gpio.o(i.HAL_GPIO_Init) for HAL_GPIO_Init
    main.o(i.MX_TIM1_Init) refers to rt_memclr_w.o(.text) for __aeabi_memclr4
    main.o(i.MX_TIM1_Init) refers to stm32f1xx_hal_tim.o(i.HAL_TIM_Encoder_Init) for HAL_TIM_Encoder_Init
    main.o(i.MX_TIM1_Init) refers to stm32f1xx_hal_tim_ex.o(i.HAL_TIMEx_MasterConfigSynchronization) for HAL_TIMEx_MasterConfigSynchronization
    main.o(i.MX_TIM1_Init) refers to main.o(.bss) for .bss
    main.o(i.MX_TIM3_Init) refers to rt_memclr_w.o(.text) for __aeabi_memclr4
    main.o(i.MX_TIM3_Init) refers to stm32f1xx_hal_tim.o(i.HAL_TIM_Encoder_Init) for HAL_TIM_Encoder_Init
    main.o(i.MX_TIM3_Init) refers to stm32f1xx_hal_tim_ex.o(i.HAL_TIMEx_MasterConfigSynchronization) for HAL_TIMEx_MasterConfigSynchronization
    main.o(i.MX_TIM3_Init) refers to main.o(.bss) for .bss
    main.o(i.MX_TIM4_Init) refers to rt_memclr_w.o(.text) for __aeabi_memclr4
    main.o(i.MX_TIM4_Init) refers to stm32f1xx_hal_tim.o(i.HAL_TIM_Encoder_Init) for HAL_TIM_Encoder_Init
    main.o(i.MX_TIM4_Init) refers to stm32f1xx_hal_tim_ex.o(i.HAL_TIMEx_MasterConfigSynchronization) for HAL_TIMEx_MasterConfigSynchronization
    main.o(i.MX_TIM4_Init) refers to main.o(.bss) for .bss
    main.o(i.MX_TIM5_Init) refers to rt_memclr_w.o(.text) for __aeabi_memclr4
    main.o(i.MX_TIM5_Init) refers to stm32f1xx_hal_tim.o(i.HAL_TIM_Base_Init) for HAL_TIM_Base_Init
    main.o(i.MX_TIM5_Init) refers to stm32f1xx_hal_tim.o(i.HAL_TIM_ConfigClockSource) for HAL_TIM_ConfigClockSource
    main.o(i.MX_TIM5_Init) refers to stm32f1xx_hal_tim.o(i.HAL_TIM_PWM_Init) for HAL_TIM_PWM_Init
    main.o(i.MX_TIM5_Init) refers to stm32f1xx_hal_tim_ex.o(i.HAL_TIMEx_MasterConfigSynchronization) for HAL_TIMEx_MasterConfigSynchronization
    main.o(i.MX_TIM5_Init) refers to stm32f1xx_hal_tim.o(i.HAL_TIM_PWM_ConfigChannel) for HAL_TIM_PWM_ConfigChannel
    main.o(i.MX_TIM5_Init) refers to stm32f1xx_hal_msp.o(i.HAL_TIM_MspPostInit) for HAL_TIM_MspPostInit
    main.o(i.MX_TIM5_Init) refers to main.o(.bss) for .bss
    main.o(i.MX_TIM8_Init) refers to rt_memclr_w.o(.text) for __aeabi_memclr4
    main.o(i.MX_TIM8_Init) refers to stm32f1xx_hal_tim.o(i.HAL_TIM_Encoder_Init) for HAL_TIM_Encoder_Init
    main.o(i.MX_TIM8_Init) refers to stm32f1xx_hal_tim_ex.o(i.HAL_TIMEx_MasterConfigSynchronization) for HAL_TIMEx_MasterConfigSynchronization
    main.o(i.MX_TIM8_Init) refers to main.o(.bss) for .bss
[...]
    DMA1_Channel4_IRQHandler                 0x080007c9   Thumb Code     6  stm32f1xx_it.o(i.DMA1_Channel4_IRQHandler)
    DMA1_Channel5_IRQHandler                 0x080007d5   Thumb Code     6  stm32f1xx_it.o(i.DMA1_Channel5_IRQHandler)
    DebugMon_Handler                         0x0800080b   Thumb Code     2  stm32f1xx_it.o(i.DebugMon_Handler)
    Error_Handler                            0x0800080d   Thumb Code     4  main.o(i.Error_Handler)
    HAL_DMA_Abort                            0x08000811   Thumb Code    70  stm32f1xx_hal_dma.o(i.HAL_DMA_Abort)
    HAL_DMA_Abort_IT                         0x08000859   Thumb Code   296  stm32f1xx_hal_dma.o(i.HAL_DMA_Abort_IT)
    HAL_DMA_IRQHandler                       0x08000989   Thumb Code   552  stm32f1xx_hal_dma.o(i.HAL_DMA_IRQHandler)
    HAL_DMA_Init                             0x08000bd1   Thumb Code   112  stm32f1xx_hal_dma.o(i.HAL_DMA_Init)
    HAL_DMA_Start_IT                         0x08000c4d   Thumb Code   112  stm32f1xx_hal_dma.o(i.HAL_DMA_Start_IT)
    HAL_Delay                                0x08000cbd   Thumb Code    32  stm32f1xx_hal.o(i.HAL_Delay)
    HAL_GPIO_Init                            0x08000ce1   Thumb Code   462  stm32f1xx_hal_gpio.o(i.HAL_GPIO_Init)
    HAL_GPIO_TogglePin                       0x08000ed9   Thumb Code    16  stm32f1xx_hal_gpio.o(i.HAL_GPIO_TogglePin)
    HAL_GPIO_WritePin                        0x08000ee9   Thumb Code    10  stm32f1xx_hal_gpio.o(i.HAL_GPIO_WritePin)
    HAL_GetTick                              0x08000ef5   Thumb Code     6  stm32f1xx_hal.o(i.HAL_GetTick)
    HAL_IWDG_Init                            0x08000f01   Thumb Code    90  stm32f1xx_hal_iwdg.o(i.HAL_IWDG_Init)
    HAL_IWDG_Refresh                         0x08000f5b   Thumb Code    12  stm32f1xx_hal_iwdg.o(i.HAL_IWDG_Refresh)
    HAL_IncTick                              0x08000f69   Thumb Code    12  stm32f1xx_hal.o(i.HAL_IncTick)
    HAL_Init                                 0x08000f79   Thumb Code    32  stm32f1xx_hal.o(i.HAL_Init)
    HAL_InitTick                             0x08000f9d   Thumb Code    54  stm32f1xx_hal.o(i.HAL_InitTick)
    HAL_MspInit                              0x08000fdd   Thumb Code    48  stm32f1xx_hal_msp.o(i.HAL_MspInit)
    HAL_NVIC_EnableIRQ                       0x08001015   Thumb Code    26  stm32f1xx_hal_cortex.o(i.HAL_NVIC_EnableIRQ)
    HAL_NVIC_SetPriority                     0x08001031   Thumb Code    60  stm32f1xx_hal_cortex.o(i.HAL_NVIC_SetPriority)
    HAL_NVIC_SetPriorityGrouping             0x08001071   Thumb Code    26  stm32f1xx_hal_cortex.o(i.HAL_NVIC_SetPriorityGrouping)
    HAL_PCDEx_PMAConfig                      0x08001095   Thumb Code    60  stm32f1xx_hal_pcd_ex.o(i.HAL_PCDEx_PMAConfig)
    HAL_PCDEx_SetConnectionState             0x080010d1   Thumb Code     2  usbd_conf.o(i.HAL_PCDEx_SetConnectionState)
    HAL_PCD_DataInStageCallback              0x080010d3   Thumb Code    18  usbd_conf.o(i.HAL_PCD_DataInStageCallback)
    HAL_PCD_DataOutStageCallback             0x080010e5   Thumb Code    20  usbd_conf.o(i.HAL_PCD_DataOutStageCallback)
    HAL_PCD_EP_Close                         0x080010f9   Thumb Code    76  stm32f1xx_hal_pcd.o(i.HAL_PCD_EP_Close)
    HAL_PCD_EP_ClrStall                      0x08001145   Thumb Code    92  stm32f1xx_hal_pcd.o(i.HAL_PCD_EP_ClrStall)
    HAL_PCD_EP_GetRxCount                    0x080015b7   Thumb Code    18  stm32f1xx_hal_pcd.o(i.HAL_PCD_EP_GetRxCount)
    HAL_PCD_EP_Open                          0x080015c9   Thumb Code    96  stm32f1xx_hal_pcd.o(i.HAL_PCD_EP_Open)
    HAL_PCD_EP_Receive                       0x08001629   Thumb Code    50  stm32f1xx_hal_pcd.o(i.HAL_PCD_EP_Receive)
    HAL_PCD_EP_SetStall                      0x0800165b   Thumb Code   114  stm32f1xx_hal_pcd.o(i.HAL_PCD_EP_SetStall)
    HAL_PCD_EP_Transmit                      0x080016cd   Thumb Code    52  stm32f1xx_hal_pcd.o(i.HAL_PCD_EP_Transmit)
    HAL_PCD_IRQHandler                       0x08001701   Thumb Code   340  stm32f1xx_hal_pcd.o(i.HAL_PCD_IRQHandler)
    HAL_PCD_Init                             0x08001855   Thumb Code   218  stm32f1xx_hal_pcd.o(i.HAL_PCD_Init)
    HAL_PCD_MspInit                          0x08001931   Thumb Code    50  usbd_conf.o(i.HAL_PCD_MspInit)
    HAL_PCD_ResetCallback                    0x0800196d   Thumb Code    38  usbd_conf.o(i.HAL_PCD_ResetCallback)
    HAL_PCD_ResumeCallback                   0x08001993   Thumb Code     8  usbd_conf.o(i.HAL_PCD_ResumeCallback)
    HAL_PCD_SOFCallback                      0x0800199b   Thumb Code     8  usbd_conf.o(i.HAL_PCD_SOFCallback)
    HAL_PCD_SetAddress                       0x080019a3   Thumb Code    40  stm32f1xx_hal_pcd.o(i.HAL_PCD_SetAddress)
    HAL_PCD_SetupStageCallback               0x080019cb   Thumb Code    14  usbd_conf.o(i.HAL_PCD_SetupStageCallback)
    HAL_PCD_Start                            0x080019d9   Thumb Code    50  stm32f1xx_hal_pcd.o(i.HAL_PCD_Start)
    HAL_PCD_SuspendCallback                  0x08001a0d   Thumb Code    30  usbd_conf.o(i.HAL_PCD_SuspendCallback)
    HAL_RCCEx_PeriphCLKConfig                0x08001a31   Thumb Code   224  stm32f1xx_hal_rcc_ex.o(i.HAL_RCCEx_PeriphCLKConfig)
    HAL_RCC_ClockConfig                      0x08001b1d   Thumb Code   280  stm32f1xx_hal_rcc.o(i.HAL_RCC_ClockConfig)
    HAL_RCC_GetPCLK1Freq                     0x08001c49   Thumb Code    20  stm32f1xx_hal_rcc.o(i.HAL_RCC_GetPCLK1Freq)
    HAL_RCC_GetPCLK2Freq                     0x08001c69   Thumb Code    20  stm32f1xx_hal_rcc.o(i.HAL_RCC_GetPCLK2Freq)
    HAL_RCC_GetSysClockFreq                  0x08001c89   Thumb Code    74  stm32f1xx_hal_rcc.o(i.HAL_RCC_GetSysClockFreq)
    HAL_RCC_OscConfig                        0x08001cf5   Thumb Code   778  stm32f1xx_hal_rcc.o(i.HAL_RCC_OscConfig)
    HAL_SYSTICK_Config                       0x08002015   Thumb Code    40  stm32f1xx_hal_cortex.o(i.HAL_SYSTICK_Config)
    HAL_TIMEx_MasterConfigSynchronization    0x0800203d   Thumb Code   104  stm32f1xx_hal_tim_ex.o(i.HAL_TIMEx_MasterConfigSynchronization)
    HAL_TIM_Base_Init                        0x080020b9   Thumb Code    90  stm32f1xx_hal_tim.o(i.HAL_TIM_Base_Init)
    HAL_TIM_Base_MspInit                     0x08002115   Thumb Code    30  stm32f1xx_hal_msp.o(i.HAL_TIM_Base_MspInit)
    HAL_TIM_ConfigClockSource                0x0800213d   Thumb Code   214  stm32f1xx_hal_tim.o(i.HAL_TIM_ConfigClockSource)
    HAL_TIM_Encoder_Init                     0x08002213   Thumb Code   164  stm32f1xx_hal_tim.o(i.HAL_TIM_Encoder_Init)
    HAL_TIM_Encoder_MspInit                  0x080022b9   Thumb Code   254  stm32f1xx_hal_msp.o(i.HAL_TIM_Encoder_MspInit)
    HAL_TIM_Encoder_Start                    0x080023e1   Thumb Code   142  stm32f1xx_hal_tim.o(i.HAL_TIM_Encoder_Start)
    HAL_TIM_MspPostInit                      0x08002471   Thumb Code    62  stm32f1xx_hal_msp.o(i.HAL_TIM_MspPostInit)
    HAL_TIM_PWM_ConfigChannel                0x080024bd   Thumb Code   198  stm32f1xx_hal_tim.o(i.HAL_TIM_PWM_ConfigChannel)
    HAL_TIM_PWM_Init                         0x08002583   Thumb Code    90  stm32f1xx_hal_tim.o(i.HAL_TIM_PWM_Init)
    HAL_TIM_PWM_MspInit                      0x080025dd   Thumb Code     2  stm32f1xx_hal_tim.o(i.HAL_TIM_PWM_MspInit)
    HAL_TIM_PWM_Start                        0x080025e1   Thumb Code   160  stm32f1xx_hal_tim.o(i.HAL_TIM_PWM_Start)
    HAL_UARTEx_RxEventCallback               0x08002695   Thumb Code     2  stm32f1xx_hal_uart.o(i.HAL_UARTEx_RxEventCallback)
    HAL_UART_ErrorCallback                   0x08002697   Thumb Code     2  stm32f1xx_hal_uart.o(i.HAL_UART_ErrorCallback)
    HAL_UART_IRQHandler                      0x08002699   Thumb Code   520  stm32f1xx_hal_uart.o(i.HAL_UART_IRQHandler)
    HAL_UART_Init                            0x080028a5   Thumb Code    98  stm32f1xx_hal_uart.o(i.HAL_UART_Init)
    HAL_UART_MspInit                         0x08002909   Thumb Code   206  stm32f1xx_hal_msp.o(i.HAL_UART_MspInit)
    HAL_UART_Receive_DMA                     0x080029f1   Thumb Code    42  stm32f1xx_hal_uart.o(i.HAL_UART_Receive_DMA)
    HAL_UART_RxCpltCallback                  0x08002a1b   Thumb Code     2  stm32f1xx_hal_uart.o(i.HAL_UART_RxCpltCallback)
    HAL_UART_RxHalfCpltCallback              0x08002a1d   Thumb Code     2  stm32f1xx_hal_uart.o(i.HAL_UART_RxHalfCpltCallback)
    HAL_UART_Transmit_DMA                    0x08002a21   Thumb Code   114  stm32f1xx_hal_uart.o(i.HAL_UART_Transmit_DMA)
    HAL_UART_TxCpltCallback                  0x08002aa1   Thumb Code     2  stm32f1xx_hal_uart.o(i.HAL_UART_TxCpltCallback)
    HAL_UART_TxHalfCpltCallback              0x08002aa3   Thumb Code     2  stm32f1xx_hal_uart.o(i.HAL_UART_TxHalfCpltCallback)
    HardFault_Handler                        0x08002aa5   Thumb Code     2  stm32f1xx_it.o(i.HardFault_Handler)
    MX_USB_DEVICE_Init                       0x08002e65   Thumb Code    66  usb_device.o(i.MX_USB_DEVICE_Init)
    MemManage_Handler                        0x08002eb9   Thumb Code     2  stm32f1xx_it.o(i.MemManage_Handler)
    NMI_Handler                              0x08002ebb   Thumb Code     2  stm32f1xx_it.o(i.NMI_Handler)
    PendSV_Handler                           0x080031d1   Thumb Code     2  stm32f1xx_it.o(i.PendSV_Handler)
    SVC_Handler                              0x080031d3   Thumb Code     2  stm32f1xx_it.o(i.SVC_Handler)
    SysTick_Handler                          0x080031d5   Thumb Code     4  stm32f1xx_it.o(i.SysTick_Handler)
    SystemClock_Config                       0x080031d9   Thumb Code   126  main.o(i.SystemClock_Config)
    SystemInit                               0x08003257   Thumb Code     2  system_stm32f1xx.o(i.SystemInit)
    TIM_Base_SetConfig                       0x08003259   Thumb Code   120  stm32f1xx_hal_tim.o(i.TIM_Base_SetConfig)
    TIM_CCxChannelCmd                        0x080032e5   Thumb Code    26  stm32f1xx_hal_tim.o(i.TIM_CCxChannelCmd)
    TIM_ETR_SetConfig                        0x080032ff   Thumb Code    20  stm32f1xx_hal_tim.o(i.TIM_ETR_SetConfig)
    TIM_OC2_SetConfig                        0x08003385   Thumb Code    98  stm32f1xx_hal_tim.o(i.TIM_OC2_SetConfig)
    UART_Start_Receive_DMA                   0x080037a5   Thumb Code    98  stm32f1xx_hal_uart.o(i.UART_Start_Receive_DMA)
    USART1_IRQHandler                        0x08003815   Thumb Code     6  stm32f1xx_it.o(i.USART1_IRQHandler)
    USBD_CDC_GetDeviceQualifierDescriptor    0x080038fd   Thumb Code     8  usbd_cdc.o(i.USBD_CDC_GetDeviceQualifierDescriptor)
    USBD_CDC_ReceivePacket                   0x080039c1   Thumb Code    40  usbd_cdc.o(i.USBD_CDC_ReceivePacket)
    USBD_CDC_RegisterInterface               0x080039e9   Thumb Code    16  usbd_cdc.o(i.USBD_CDC_RegisterInterface)
    USBD_CDC_SetRxBuffer                     0x080039f9   Thumb Code    12  usbd_cdc.o(i.USBD_CDC_SetRxBuffer)
    USBD_CDC_SetTxBuffer                     0x08003a05   Thumb Code    16  usbd_cdc.o(i.USBD_CDC_SetTxBuffer)
    USBD_CDC_TransmitPacket                  0x08003ac1   Thumb Code    54  usbd_cdc.o(i.USBD_CDC_TransmitPacket)
    USBD_ClrClassConfig                      0x08003af7   Thumb Code    14  usbd_core.o(i.USBD_ClrClassConfig)
    USBD_CtlContinueRx                       0x08003b05   Thumb Code    16  usbd_ioreq.o(i.USBD_CtlContinueRx)
    USBD_CtlContinueSendData                 0x08003b15   Thumb Code    16  usbd_ioreq.o(i.USBD_CtlContinueSendData)
    USBD_CtlError                            0x08003b25   Thumb Code    22  usbd_ctlreq.o(i.USBD_CtlError)
    USBD_CtlPrepareRx                        0x08003b3b   Thumb Code    30  usbd_ioreq.o(i.USBD_CtlPrepareRx)
    USBD_CtlReceiveStatus                    0x08003b59   Thumb Code    22  usbd_ioreq.o(i.USBD_CtlReceiveStatus)
    USBD_CtlSendData                         0x08003b6f   Thumb Code    26  usbd_ioreq.o(i.USBD_CtlSendData)
    USBD_CtlSendStatus                       0x08003b89   Thumb Code    22  usbd_ioreq.o(i.USBD_CtlSendStatus)
    USBD_FS_ConfigStrDescriptor              0x08003ba1   Thumb Code    16  usbd_desc.o(i.USBD_FS_ConfigStrDescriptor)
    USBD_FS_DeviceDescriptor                 0x08003bc1   Thumb Code     8  usbd_desc.o(i.USBD_FS_DeviceDescriptor)
    USBD_FS_InterfaceStrDescriptor           0x08003bcd   Thumb Code    16  usbd_desc.o(i.USBD_FS_InterfaceStrDescriptor)
    USBD_FS_LangIDStrDescriptor              0x08003bf1   Thumb Code     8  usbd_desc.o(i.USBD_FS_LangIDStrDescriptor)
    USBD_FS_ManufacturerStrDescriptor        0x08003bfd   Thumb Code    16  usbd_desc.o(i.USBD_FS_ManufacturerStrDescriptor)
    USBD_FS_ProductStrDescriptor             0x08003c25   Thumb Code    16  usbd_desc.o(i.USBD_FS_ProductStrDescriptor)
    USBD_FS_SerialStrDescriptor              0x08003c51   Thumb Code    48  usbd_desc.o(i.USBD_FS_SerialStrDescriptor)
    USBD_GetString                           0x08003d71   Thumb Code    72  usbd_ctlreq.o(i.USBD_GetString)
    USBD_Init                                0x08003dd1   Thumb Code    42  usbd_core.o(i.USBD_Init)
    USBD_LL_ClearStallEP                     0x08003dfb   Thumb Code    18  usbd_conf.o(i.USBD_LL_ClearStallEP)
    USBD_LL_CloseEP                          0x08003e0d   Thumb Code    18  usbd_conf.o(i.USBD_LL_CloseEP)
    USBD_LL_DataInStage                      0x08003e1f   Thumb Code   198  usbd_core.o(i.USBD_LL_DataInStage)
    USBD_LL_DataOutStage                     0x08003ee5   Thumb Code   130  usbd_core.o(i.USBD_LL_DataOutStage)
    USBD_LL_GetRxDataSize                    0x08003f67   Thumb Code     8  usbd_conf.o(i.USBD_LL_GetRxDataSize)
    USBD_LL_Init                             0x08003f71   Thumb Code   118  usbd_conf.o(i.USBD_LL_Init)
    USBD_LL_IsStallEP                        0x08003ff1   Thumb Code    32  usbd_conf.o(i.USBD_LL_IsStallEP)
    USBD_LL_OpenEP                           0x08004011   Thumb Code    24  usbd_conf.o(i.USBD_LL_OpenEP)
    USBD_LL_PrepareReceive                   0x08004029   Thumb Code    18  usbd_conf.o(i.USBD_LL_PrepareReceive)
    USBD_LL_Reset                            0x0800403b   Thumb Code    80  usbd_core.o(i.USBD_LL_Reset)
    USBD_LL_Resume                           0x0800408b   Thumb Code    20  usbd_core.o(i.USBD_LL_Resume)
    USBD_LL_SOF                              0x0800409f   Thumb Code    24  usbd_core.o(i.USBD_LL_SOF)
    USBD_LL_SetSpeed                         0x080040b7   Thumb Code     6  usbd_core.o(i.USBD_LL_SetSpeed)
    USBD_LL_SetUSBAddress                    0x080040bd   Thumb Code    18  usbd_conf.o(i.USBD_LL_SetUSBAddress)
    USBD_LL_SetupStage                       0x080040cf   Thumb Code    90  usbd_core.o(i.USBD_LL_SetupStage)
    USBD_LL_StallEP                          0x08004129   Thumb Code    18  usbd_conf.o(i.USBD_LL_StallEP)
    USBD_LL_Start                            0x0800413b   Thumb Code    18  usbd_conf.o(i.USBD_LL_Start)
    USBD_LL_Suspend                          0x0800414d   Thumb Code    18  usbd_core.o(i.USBD_LL_Suspend)
    USBD_LL_Transmit                         0x0800415f   Thumb Code    18  usbd_conf.o(i.USBD_LL_Transmit)
    USBD_ParseSetupRequest                   0x08004171   Thumb Code    40  usbd_ctlreq.o(i.USBD_ParseSetupRequest)
    USBD_RegisterClass                       0x08004199   Thumb Code    16  usbd_core.o(i.USBD_RegisterClass)
    USBD_SetClassConfig                      0x080041a9   Thumb Code    22  usbd_core.o(i.USBD_SetClassConfig)
    USBD_Start                               0x08004245   Thumb Code    10  usbd_core.o(i.USBD_Start)
    USBD_StdDevReq                           0x0800424f   Thumb Code   274  usbd_ctlreq.o(i.USBD_StdDevReq)
    USBD_StdEPReq                            0x08004361   Thumb Code   336  usbd_ctlreq.o(i.USBD_StdEPReq)
    USBD_StdItfReq                           0x080044b1   Thumb Code    78  usbd_ctlreq.o(i.USBD_StdItfReq)
    USBD_static_free                         0x080044ff   Thumb Code     2  usbd_conf.o(i.USBD_static_free)
    USBD_static_malloc                       0x08004501   Thumb Code     4  usbd_conf.o(i.USBD_static_malloc)
    USB_ActivateEndpoint                     0x08004509   Thumb Code   600  stm32f1xx_ll_usb.o(i.USB_ActivateEndpoint)
    USB_CoreInit                             0x08004761   Thumb Code     4  stm32f1xx_ll_usb.o(i.USB_CoreInit)
    USB_DeactivateEndpoint                   0x08004765   Thumb Code   270  stm32f1xx_ll_usb.o(i.USB_DeactivateEndpoint)
    USB_DevConnect                           0x08004873   Thumb Code     4  stm32f1xx_ll_usb.o(i.USB_DevConnect)
    USB_DevDisconnect                        0x08004877   Thumb Code     4  stm32f1xx_ll_usb.o(i.USB_DevDisconnect)
    USB_DevInit                              0x0800487b   Thumb Code    18  stm32f1xx_ll_usb.o(i.USB_DevInit)
    USB_DisableGlobalInt                     0x0800488d   Thumb Code    14  stm32f1xx_ll_usb.o(i.USB_DisableGlobalInt)
    USB_EP0_OutStart                         0x0800489b   Thumb Code     4  stm32f1xx_ll_usb.o(i.USB_EP0_OutStart)
    USB_EPClearStall                         0x0800489f   Thumb Code   120  stm32f1xx_ll_usb.o(i.USB_EPClearStall)
    USB_EPSetStall                           0x08004917   Thumb Code    50  stm32f1xx_ll_usb.o(i.USB_EPSetStall)
    USB_EPStartXfer                          0x08004949   Thumb Code  1548  stm32f1xx_ll_usb.o(i.USB_EPStartXfer)
    USB_EnableGlobalInt                      0x08004f55   Thumb Code    18  stm32f1xx_ll_usb.o(i.USB_EnableGlobalInt)
    USB_LP_CAN1_RX0_IRQHandler               0x08004f69   Thumb Code     6  stm32f1xx_it.o(i.USB_LP_CAN1_RX0_IRQHandler)
    USB_ReadInterrupts                       0x08004f75   Thumb Code     6  stm32f1xx_ll_usb.o(i.USB_ReadInterrupts)
    USB_ReadPMA                              0x08004f7d   Thumb Code    44  stm32f1xx_ll_usb.o(i.USB_ReadPMA)
    USB_SetCurrentMode                       0x08004fa9   Thumb Code     4  stm32f1xx_ll_usb.o(i.USB_SetCurrentMode)
    USB_SetDevAddress                        0x08004fad   Thumb Code    12  stm32f1xx_ll_usb.o(i.USB_SetDevAddress)
    USB_WritePMA                             0x08004fb9   Thumb Code    38  stm32f1xx_ll_usb.o(i.USB_WritePMA)
    UsageFault_Handler                       0x08004fdf   Thumb Code     2  stm32f1xx_it.o(i.UsageFault_Handler)
    cmd_vel_msg(const geometry_msgs::Twist&) 0x08004fe1   Thumb Code   144  ros_main.o(i._Z11cmd_vel_msgRKN13geometry_msgs5TwistE)
    twin_drive_ik(double, double)            0x0800507d   Thumb Code   240  ros_main.o(i._Z13twin_drive_ikdd)
    motor_controller(MOTOR_INDEX, MOTOR_DIRECTION, int, int) 0x08005179   Thumb Code   122  ros_main.o(i._Z16motor_controller11MOTOR_INDEX15MOTOR_DIRECTIONii)
    motor_peripherals_init(MOTOR_INDEX)      0x080051fd   Thumb Code    98  ros_main.o(i._Z22motor_peripherals_init11MOTOR_INDEX)
    __abs(float)                             0x08005271   Thumb Code    14  ros_main.o(i._Z5__absf)
    STM32Hardware::write(unsigned char*, int) 0x08005281   Thumb Code   156  ros_main.o(i._ZN13STM32Hardware5writeEPhi)
    geometry_msgs::Twist::deserialize(unsigned char*) 0x08005321   Thumb Code    28  ros_main.o(i._ZN13geometry_msgs5Twist11deserializeEPh)
    geometry_msgs::Twist::getMD5()           0x0800533d   Thumb Code     4  ros_main.o(i._ZN13geometry_msgs5Twist6getMD5Ev)
    geometry_msgs::Twist::getType()          0x08005345   Thumb Code     4  ros_main.o(i._ZN13geometry_msgs5Twist7getTypeEv)
    geometry_msgs::Vector3::deserialize(unsigned char*) 0x0800534d   Thumb Code    42  ros_main.o(i._ZN13geometry_msgs7Vector311deserializeEPh)
    geometry_msgs::Vector3::getMD5()         0x08005379   Thumb Code     4  ros_main.o(i._ZN13geometry_msgs7Vector36getMD5Ev)
    geometry_msgs::Vector3::getType()        0x08005381   Thumb Code     4  ros_main.o(i._ZN13geometry_msgs7Vector37getTypeEv)
    geometry_msgs::Vector3::Vector3()        0x08005389   Thumb Code    14  ros_main.o(i._ZN13geometry_msgs7Vector3C1Ev)
    geometry_msgs::Vector3::Vector3__sub_object() 0x08005389   Thumb Code     0  ros_main.o(i._ZN13geometry_msgs7Vector3C1Ev)
    rosserial_msgs::RequestParamResponse::deserialize(unsigned char*) 0x0800539d   Thumb Code   298  ros_main.o(i._ZN14rosserial_msgs20RequestParamResponse11deserializeEPh)
    rosserial_msgs::RequestParamResponse::getMD5() 0x080054c9   Thumb Code     4  ros_main.o(i._ZN14rosserial_msgs20RequestParamResponse6getMD5Ev)
    rosserial_msgs::RequestParamResponse::getType() 0x080054d1   Thumb Code     4  ros_main.o(i._ZN14rosserial_msgs20RequestParamResponse7getTypeEv)
    rosserial_msgs::Log::getMD5()            0x080054d9   Thumb Code     4  ros_main.o(i._ZN14rosserial_msgs3Log6getMD5Ev)
    rosserial_msgs::Log::getType()           0x080054e1   Thumb Code     4  ros_main.o(i._ZN14rosserial_msgs3Log7getTypeEv)
    rosserial_msgs::TopicInfo::getMD5()      0x080054e9   Thumb Code     4  ros_main.o(i._ZN14rosserial_msgs9TopicInfo6getMD5Ev)
    rosserial_msgs::TopicInfo::getType()     0x080054f1   Thumb Code     4  ros_main.o(i._ZN14rosserial_msgs9TopicInfo7getTypeEv)
    ros::normalizeSecNSec(unsigned&, unsigned&) 0x080054f9   Thumb Code    28  time.o(i._ZN3ros16normalizeSecNSecERjS0_)
    ros::Msg::serializeAvrFloat64(unsigned char*, float) 0x08005519   Thumb Code    84  ros_main.o(i._ZN3ros3Msg19serializeAvrFloat64EPhf)
    ros::Msg::deserializeAvrFloat64(const unsigned char*, float*) 0x0800556d   Thumb Code    84  ros_main.o(i._ZN3ros3Msg21deserializeAvrFloat64EPKhPf)
    std_msgs::Time::deserialize(unsigned char*) 0x080055c1   Thumb Code    62  ros_main.o(i._ZN8std_msgs4Time11deserializeEPh)
    std_msgs::Time::getMD5()                 0x08005601   Thumb Code     4  ros_main.o(i._ZN8std_msgs4Time6getMD5Ev)
    std_msgs::Time::getType()                0x08005609   Thumb Code     4  ros_main.o(i._ZN8std_msgs4Time7getTypeEv)
    std_msgs::Time::Time()                   0x08005611   Thumb Code    12  ros_main.o(i._ZN8std_msgs4TimeC1Ev)
    std_msgs::Time::Time__sub_object()       0x08005611   Thumb Code     0  ros_main.o(i._ZN8std_msgs4TimeC1Ev)
    std_msgs::String::getMD5()               0x08005621   Thumb Code     4  ros_main.o(i._ZN8std_msgs6String6getMD5Ev)
    std_msgs::String::getType()              0x08005629   Thumb Code     4  ros_main.o(i._ZN8std_msgs6String7getTypeEv)
    geometry_msgs::Twist::serialize(unsigned char*) const 0x08005631   Thumb Code    28  ros_main.o(i._ZNK13geometry_msgs5Twist9serializeEPh)
    geometry_msgs::Vector3::serialize(unsigned char*) const 0x0800564d   Thumb Code    38  ros_main.o(i._ZNK13geometry_msgs7Vector39serializeEPh)
    rosserial_msgs::RequestParamResponse::serialize(unsigned char*) const 0x08005673   Thumb Code   210  ros_main.o(i._ZNK14rosserial_msgs20RequestParamResponse9serializeEPh)
    rosserial_msgs::Log::serialize(unsigned char*) const 0x08005745   Thumb Code    40  ros_main.o(i._ZNK14rosserial_msgs3Log9serializeEPh)
    rosserial_msgs::TopicInfo::serialize(unsigned char*) const 0x0800576d   Thumb Code   130  ros_main.o(i._ZNK14rosserial_msgs9TopicInfo9serializeEPh)
    std_msgs::Time::serialize(unsigned char*) const 0x080057ef   Thumb Code    50  ros_main.o(i._ZNK8std_msgs4Time9serializeEPh)
    std_msgs::String::serialize(unsigned char*) const 0x08005821   Thumb Code    36  ros_main.o(i._ZNK8std_msgs6String9serializeEPh)
    loop                                     0x08005921   Thumb Code   104  ros_main.o(i.loop)
    main                                     0x080059bd   Thumb Code   162  main.o(i.main)
    setup                                    0x08005a75   Thumb Code   174  ros_main.o(i.setup)
    ros::Subscriber<geometry_msgs::Twist, void>::getMsgType() 0x08005b35   Thumb Code     4  ros_main.o(t._ZN3ros10SubscriberIN13geometry_msgs5TwistEvE10getMsgTypeEv)
    ros::Subscriber<geometry_msgs::Twist, void>::getEndpointType() 0x08005b3d   Thumb Code     4  ros_main.o(t._ZN3ros10SubscriberIN13geometry_msgs5TwistEvE15getEndpointTypeEv)
    ros::Subscriber<geometry_msgs::Twist, void>::callback(unsigned char*) 0x08005b41   Thumb Code    22  ros_main.o(t._ZN3ros10SubscriberIN13geometry_msgs5TwistEvE8callbackEPh)
    ros::Subscriber<geometry_msgs::Twist, void>::getMsgMD5() 0x08005b59   Thumb Code     4  ros_main.o(t._ZN3ros10SubscriberIN13geometry_msgs5TwistEvE9getMsgMD5Ev)
    ros::NodeHandle_<STM32Hardware, (int)25, (int)25, (int)1024, (int)1024>::negotiateTopics() 0x08005b61   Thumb Code   200  ros_main.o(t._ZN3ros11NodeHandle_I13STM32HardwareLi25ELi25ELi1024ELi1024EE15negotiateTopicsEv)
    ros::NodeHandle_<STM32Hardware, (int)25, (int)25, (int)1024, (int)1024>::requestSyncTime() 0x08005c31   Thumb Code    32  ros_main.o(t._ZN3ros11NodeHandle_I13STM32HardwareLi25ELi25ELi1024ELi1024EE15requestSyncTimeEv)
    ros::NodeHandle_<STM32Hardware, (int)25, (int)25, (int)1024, (int)1024>::publish(int, const ros::Msg*) 0x08005c51   Thumb Code   180  ros_main.o(t._ZN3ros11NodeHandle_I13STM32HardwareLi25ELi25ELi1024ELi1024EE7publishEiPKNS_3MsgE)
    ros::NodeHandle_<STM32Hardware, (int)25, (int)25, (int)1024, (int)1024>::spinOnce() 0x08005d0d   Thumb Code   642  ros_main.o(t._ZN3ros11NodeHandle_I13STM32HardwareLi25ELi25ELi1024ELi1024EE8spinOnceEv)
    ros::NodeHandle_<STM32Hardware, (int)25, (int)25, (int)1024, (int)1024>::advertise(ros::Publisher&) 0x08005f9d   Thumb Code    42  ros_main.o(t._ZN3ros11NodeHandle_I13STM32HardwareLi25ELi25ELi1024ELi1024EE9advertiseERNS_9PublisherE)
    ros::NodeHandle_<STM32Hardware, (int)25, (int)25, (int)1024, (int)1024>::NodeHandle_() 0x08005fc9   Thumb Code   132  ros_main.o(t._ZN3ros11NodeHandle_I13STM32HardwareLi25ELi25ELi1024ELi1024EEC1Ev)
    ros::NodeHandle_<STM32Hardware, (int)25, (int)25, (int)1024, (int)1024>::NodeHandle___sub_object() 0x08005fc9   Thumb Code     0  ros_main.o(t._ZN3ros11NodeHandle_I13STM32HardwareLi25ELi25ELi1024ELi1024EEC1Ev)
    void ros::Msg::arrToVar<unsigned, unsigned char*>(T1&, T2) 0x08006059   Thumb Code    26  ros_main.o(t._ZN3ros3Msg8arrToVarIjPhEEvRT_T0_)
    void ros::Msg::varToArr<unsigned char*, unsigned>(T1, T2) 0x08006073   Thumb Code    18  ros_main.o(t._ZN3ros3Msg8varToArrIPhjEEvT_T0_)
    __aeabi_d2f                              0x08006085   Thumb Code     0  d2f.o(x$fpl$d2f)
    _d2f                                     0x08006085   Thumb Code    98  d2f.o(x$fpl$d2f)
    __aeabi_dadd                             0x080060e9   Thumb Code     0  daddsub_clz.o(x$fpl$dadd)
    _dadd                                    0x080060e9   Thumb Code   332  daddsub_clz.o(x$fpl$dadd)
    __fpl_dcheck_NaN1                        0x08006239   Thumb Code    10  dcheck1.o(x$fpl$dcheck1)
    __aeabi_ddiv                             0x08006249   Thumb Code     0  ddiv.o(x$fpl$ddiv)
    _ddiv                                    0x08006249   Thumb Code   552  ddiv.o(x$fpl$ddiv)
    __aeabi_d2iz                             0x080064f9   Thumb Code     0  dfix.o(x$fpl$dfix)
    _dfix                                    0x080064f9   Thumb Code    94  dfix.o(x$fpl$dfix)
    __aeabi_i2d                              0x08006557   Thumb Code     0  dflt_clz.o(x$fpl$dflt)
    _dflt                                    0x08006557   Thumb Code    46  dflt_clz.o(x$fpl$dflt)
    __aeabi_dmul                             0x08006585   Thumb Code     0  dmul.o(x$fpl$dmul)
    _dmul                                    0x08006585   Thumb Code   332  dmul.o(x$fpl$dmul)
    __fpl_dnaninf                            0x080066d9   Thumb Code   156  dnaninf.o(x$fpl$dnaninf)
    __fpl_dretinf                            0x08006775   Thumb Code    12  dretinf.o(x$fpl$dretinf)
    __aeabi_drsub                            0x08006781   Thumb Code     0  daddsub_clz.o(x$fpl$drsb)
    _drsb                                    0x08006781   Thumb Code    22  daddsub_clz.o(x$fpl$drsb)
    __aeabi_dsub                             0x08006799   Thumb Code     0  daddsub_clz.o(x$fpl$dsub)
    _dsub                                    0x08006799   Thumb Code   464  daddsub_clz.o(x$fpl$dsub)
    __aeabi_f2d                              0x0800696d   Thumb Code     0  f2d.o(x$fpl$f2d)
    _f2d                                     0x0800696d   Thumb Code    86  f2d.o(x$fpl$f2d)
    __aeabi_f2uiz                            0x080069c5   Thumb Code     0  ffixu.o(x$fpl$ffixu)
    _ffixu                                   0x080069c5   Thumb Code    62  ffixu.o(x$fpl$ffixu)
    __aeabi_ui2f                             0x08006a05   Thumb Code     0  fflt_clz.o(x$fpl$ffltu)
    _ffltu                                   0x08006a05   Thumb Code    38  fflt_clz.o(x$fpl$ffltu)
    __fpl_fnaninf                            0x08006a2b   Thumb Code   140  fnaninf.o(x$fpl$fnaninf)
    __fpl_fretinf                            0x08006ab7   Thumb Code    10  fretinf.o(x$fpl$fretinf)
    __fpl_return_NaN                         0x08006ac1   Thumb Code   100  retnan.o(x$fpl$retnan)
    __ARM_scalbn                             0x08006b25   Thumb Code    92  scalbn.o(x$fpl$scalbn)
    __fpl_cmpreturn                          0x08006b81   Thumb Code    48  trapv.o(x$fpl$trapveneer)
    __I$use$fp                               0x08006bb0   Number         0  usenofp.o(x$fpl$usenofp)
    AHBPrescTable                            0x08006bcc   Data          16  system_stm32f1xx.o(.constdata)
    APBPrescTable                            0x08006bdc   Data           8  system_stm32f1xx.o(.constdata)
    vtable for geometry_msgs::Twist          0x08006be4   Data          24  ros_main.o(.constdata__ZTVN13geometry_msgs5TwistE)
    vtable for geometry_msgs::Vector3        0x08006bfc   Data          24  ros_main.o(.constdata__ZTVN13geometry_msgs7Vector3E)
    vtable for rosserial_msgs::RequestParamResponse 0x08006c14   Data          24  ros_main.o(.constdata__ZTVN14rosserial_msgs20RequestParamResponseE)
    vtable for rosserial_msgs::Log           0x08006c2c   Data          24  ros_main.o(.constdata__ZTVN14rosserial_msgs3LogE)
    vtable for rosserial_msgs::TopicInfo     0x08006c44   Data          24  ros_main.o(.constdata__ZTVN14rosserial_msgs9TopicInfoE)
    vtable for ros::Subscriber<geometry_msgs::Twist, void> 0x08006c5c   Data          24  ros_main.o(.constdata__ZTVN3ros10SubscriberIN13geometry_msgs5TwistEvEE)
    vtable for ros::NodeHandle_<STM32Hardware, (int)25, (int)25, (int)1024, (int)1024> 0x08006c74   Data          20  ros_main.o(.constdata__ZTVN3ros11NodeHandle_I13STM32HardwareLi25ELi25ELi1024ELi1024EEE)
    vtable for std_msgs::Time                0x08006c88   Data          24  ros_main.o(.constdata__ZTVN8std_msgs4TimeE)
    vtable for std_msgs::String              0x08006ca0   Data          24  ros_main.o(.constdata__ZTVN8std_msgs6StringE)
    geometry_msgs::Twist::getMD5()::string   0x08006cb8   Data          33  ros_main.o(.constdata__ZZN13geometry_msgs5Twist6getMD5EvEs)
    geometry_msgs::Twist::getType()::string  0x08006cd9   Data          20  ros_main.o(.constdata__ZZN13geometry_msgs5Twist7getTypeEvEs)
    geometry_msgs::Vector3::getMD5()::string 0x08006ced   Data          33  ros_main.o(.constdata__ZZN13geometry_msgs7Vector36getMD5EvEs)
    geometry_msgs::Vector3::getType()::string 0x08006d0e   Data          22  ros_main.o(.constdata__ZZN13geometry_msgs7Vector37getTypeEvEs)
    rosserial_msgs::RequestParamResponse::getMD5()::string 0x08006d24   Data          33  ros_main.o(.constdata__ZZN14rosserial_msgs20RequestParamResponse6getMD5EvEs)
    rosserial_msgs::Log::getMD5()::string    0x08006d45   Data          33  ros_main.o(.constdata__ZZN14rosserial_msgs3Log6getMD5EvEs)
    rosserial_msgs::Log::getType()::string   0x08006d66   Data          19  ros_main.o(.constdata__ZZN14rosserial_msgs3Log7getTypeEvEs)
    rosserial_msgs::TopicInfo::getMD5()::string 0x08006d79   Data          33  ros_main.o(.constdata__ZZN14rosserial_msgs9TopicInfo6getMD5EvEs)
    rosserial_msgs::TopicInfo::getType()::string 0x08006d9a   Data          25  ros_main.o(.constdata__ZZN14rosserial_msgs9TopicInfo7getTypeEvEs)
    rosserial_msgs::TopicInfo::TopicInfo()::string 0x08006db3   Data           1  ros_main.o(.constdata__ZZN14rosserial_msgs9TopicInfoC1EvEs)
    ros::NodeHandle_<STM32Hardware, (int)25, (int)25, (int)1024, (int)1024>::publish(int, const ros::Msg*)::string 0x08006db4   Data          57  ros_main.o(.constdata__ZZN3ros11NodeHandle_I13STM32HardwareLi25ELi25ELi1024ELi1024EE7publishEiPKNS_3MsgEEs)
    std_msgs::Time::getMD5()::string         0x08006ded   Data          33  ros_main.o(.constdata__ZZN8std_msgs4Time6getMD5EvEs)
    std_msgs::Time::getType()::string        0x08006e0e   Data          14  ros_main.o(.constdata__ZZN8std_msgs4Time7getTypeEvEs)
    std_msgs::String::getMD5()::string       0x08006e1c   Data          33  ros_main.o(.constdata__ZZN8std_msgs6String6getMD5EvEs)
    std_msgs::String::getType()::string      0x08006e3d   Data          16  ros_main.o(.constdata__ZZN8std_msgs6String7getTypeEvEs)
    std_msgs::String::String()::string       0x08006e4d   Data           1  ros_main.o(.constdata__ZZN8std_msgs6StringC1EvEs)
    Region$$Table$$Base                      0x08006e50   Number         0  anon$$obj.o(Region$$Table)
    Region$$Table$$Limit                     0x08006e70   Number         0  anon$$obj.o(Region$$Table)
    SHT$$INIT_ARRAY$$Base                    0x08006e70   Number         0  ros_main.o(.init_array)
    SHT$$INIT_ARRAY$$Limit                   0x08006e74   Number         0  init_aeabi.o(.init_array)
    wheel_seperation                         0x20000000   Data           8  ros_main.o(.data)
    max_velocity                             0x20000008   Data           8  ros_main.o(.data)
    linear_gain                              0x20000010   Data           8  ros_main.o(.data)
    angular_gain                             0x20000018   Data           8  ros_main.o(.data)
    difference_gain                          0x20000020   Data           8  ros_main.o(.data)
    twin_motors_duty_cycle                   0x20000028   Data           8  ros_main.o(.data)
    twin_motors_rotations                    0x20000030   Data           8  ros_main.o(.data)
    str_msg                                  0x20000038   Data           8  ros_main.o(.data)
    FS_Desc                                  0x20000040   Data          28  usbd_desc.o(.data)
    USBD_LangIDDesc                          0x2000005c   Data           4  usbd_desc.o(.data)
    USBD_FS_DeviceDesc                       0x20000060   Data          18  usbd_desc.o(.data)
    USBD_StringSerial                        0x20000074   Data          26  usbd_desc.o(.data)
    USBD_Interface_fops_FS                   0x20000090   Data          16  usbd_cdc_if.o(.data)
    uwTickFreq                               0x200000a0   Data           1  stm32f1xx_hal.o(.data)
    uwTickPrio                               0x200000a4   Data           4  stm32f1xx_hal.o(.data)
    uwTick                                   0x200000a8   Data           4  stm32f1xx_hal.o(.data)
    SystemCoreClock                          0x200000ac   Data           4  system_stm32f1xx.o(.data)
    USBD_CDC_CfgHSDesc                       0x200000c0   Data          67  usbd_cdc.o(.data)
    USBD_CDC_CfgFSDesc                       0x20000104   Data          67  usbd_cdc.o(.data)
    USBD_CDC_OtherSpeedCfgDesc               0x20000148   Data          67  usbd_cdc.o(.data)
    USBD_CDC                                 0x2000018c   Data          56  usbd_cdc.o(.data)
    STM32Hardware::flush()::mutex            0x200001c4   Data           1  ros_main.o(.data__ZZN13STM32Hardware5flushEvE5mutex)
    hiwdg                                    0x200001c8   Data          12  main.o(.bss)
    htim1                                    0x200001d4   Data          72  main.o(.bss)
    htim3                                    0x2000021c   Data          72  main.o(.bss)
    htim4                                    0x20000264   Data          72  main.o(.bss)
    htim5                                    0x200002ac   Data          72  main.o(.bss)
    htim8                                    0x200002f4   Data          72  main.o(.bss)
    huart1                                   0x2000033c   Data          68  main.o(.bss)
    hdma_usart1_rx                           0x20000380   Data          68  main.o(.bss)
    hdma_usart1_tx                           0x200003c4   Data          68  main.o(.bss)
    nh                                       0x20000408   Data        3384  ros_main.o(.bss)
    stm32_status_pub                         0x20001140   Data          20  ros_main.o(.bss)
    encoders_data                            0x20001154   Data          16  ros_main.o(.bss)
    encoder_pub                              0x20001164   Data          20  ros_main.o(.bss)
    velocity_sub                             0x20001178   Data          56  ros_main.o(.bss)
    hUsbDeviceFS                             0x200011b0   Data         708  usb_device.o(.bss)
    USBD_StrDesc                             0x20001474   Data         512  usbd_desc.o(.bss)
    UserRxBufferFS                           0x20001674   Data        1000  usbd_cdc_if.o(.bss)
    UserTxBufferFS                           0x20001a5c   Data        1000  usbd_cdc_if.o(.bss)
    hpcd_USB_FS                              0x20002064   Data         748  usbd_conf.o(.bss)
    __libspace_start                         0x20002350   Data          96  libspace.o(.bss)
    __temporary_stack_top$libspace           0x200023b0   Data           0  libspace.o(.bss)



==============================================================================

Memory Map of the image

  Image Entry point : 0x08000131

  Load Region LR_IROM1 (Base: 0x08000000, Size: 0x0000703c, Max: 0x00080000, ABSOLUTE, COMPRESSED[0x00006f50])

    Execution Region ER_IROM1 (Exec base: 0x08000000, Load base: 0x08000000, Size: 0x00006e74, Max: 0x00080000, ABSOLUTE)

    Exec Addr    Load Addr    Size         Type   Attr      Idx    E Section Name        Object

    0x08000000   0x08000000   0x00000130   Data   RO            3    RESET               startup_stm32f103xe.o
    0x08000130   0x08000130   0x00000008   Code   RO         4873  * !!!main             c_w.l(__main.o)
    0x08000138   0x08000138   0x00000034   Code   RO         5295    !!!scatter          c_w.l(__scatter.o)
    0x0800016c   0x0800016c   0x0000005a   Code   RO         5293    !!dczerorl2         c_w.l(__dczerorl2.o)
    0x080001c6   0x080001c6   0x00000002   PAD
    0x080001c8   0x080001c8   0x0000001c   Code   RO         5297    !!handler_zi        c_w.l(__scatter_zi.o)
    0x080001e4   0x080001e4   0x00000002   Code   RO         5218    .ARM.Collect$$libinit$$00000000  c_w.l(libinit.o)
    0x080001e6   0x080001e6   0x00000000   Code   RO         5062    .ARM.Collect$$libinit$$00000002  c_w.l(libinit2.o)
    0x080001e6   0x080001e6   0x00000000   Code   RO         5064    .ARM.Collect$$libinit$$00000004  c_w.l(libinit2.o)
    0x080001e6   0x080001e6   0x00000008   Code   RO         5065    .ARM.Collect$$libinit$$00000005  c_w.l(libinit2.o)
    0x080001ee   0x080001ee   0x00000000   Code   RO         5067    .ARM.Collect$$libinit$$0000000A  c_w.l(libinit2.o)
    0x080001ee   0x080001ee   0x00000000   Code   RO         5069    .ARM.Collect$$libinit$$0000000C  c_w.l(libinit2.o)
    0x080001ee   0x080001ee   0x00000000   Code   RO         5071    .ARM.Collect$$libinit$$0000000E  c_w.l(libinit2.o)
    0x080001ee   0x080001ee   0x00000000   Code   RO         5074    .ARM.Collect$$libinit$$00000011  c_w.l(libinit2.o)
    0x080001ee   0x080001ee   0x00000000   Code   RO         5076    .ARM.Collect$$libinit$$00000013  c_w.l(libinit2.o)
    0x080001ee   0x080001ee   0x00000000   Code   RO         5078    .ARM.Collect$$libinit$$00000015  c_w.l(libinit2.o)
    0x080001ee   0x080001ee   0x00000000   Code   RO         5080    .ARM.Collect$$libinit$$00000017  c_w.l(libinit2.o)
    0x080001ee   0x080001ee   0x00000000   Code   RO         5082    .ARM.Collect$$libinit$$00000019  c_w.l(libinit2.o)
    0x080001ee   0x080001ee   0x00000000   Code   RO         5084    .ARM.Collect$$libinit$$0000001B  c_w.l(libinit2.o)
    0x080001ee   0x080001ee   0x00000000   Code   RO         5086    .ARM.Collect$$libinit$$0000001D  c_w.l(libinit2.o)
    0x080001ee   0x080001ee   0x00000000   Code   RO         5088    .ARM.Collect$$libinit$$0000001F  c_w.l(libinit2.o)
    0x080001ee   0x080001ee   0x00000000   Code   RO         5090    .ARM.Collect$$libinit$$00000021  c_w.l(libinit2.o)
    0x080001ee   0x080001ee   0x00000000   Code   RO         5092    .ARM.Collect$$libinit$$00000023  c_w.l(libinit2.o)
    0x080001ee   0x080001ee   0x00000000   Code   RO         5094    .ARM.Collect$$libinit$$00000025  c_w.l(libinit2.o)
    0x080001ee   0x080001ee   0x00000000   Code   RO         5098    .ARM.Collect$$libinit$$0000002C  c_w.l(libinit2.o)
    0x080001ee   0x080001ee   0x00000000   Code   RO         5100    .ARM.Collect$$libinit$$0000002E  c_w.l(libinit2.o)
    0x080001ee   0x080001ee   0x00000000   Code   RO         5102    .ARM.Collect$$libinit$$00000030  c_w.l(libinit2.o)
    0x080001ee   0x080001ee   0x00000004   Code   RO         5103    .ARM.Collect$$libinit$$00000031  c_w.l(libinit2.o)
    0x080001f2   0x080001f2   0x00000000   Code   RO         5104    .ARM.Collect$$libinit$$00000032  c_w.l(libinit2.o)
    0x080001f2   0x080001f2   0x00000002   Code   RO         5105    .ARM.Collect$$libinit$$00000033  c_w.l(libinit2.o)
    0x080001f4   0x080001f4   0x00000002   Code   RO         5290    .ARM.Collect$$libshutdown$$00000000  c_w.l(libshutdown.o)
    0x080001f6   0x080001f6   0x00000000   Code   RO         5244    .ARM.Collect$$libshutdown$$00000002  c_w.l(libshutdown2.o)
    0x080001f6   0x080001f6   0x00000000   Code   RO         5246    .ARM.Collect$$libshutdown$$00000004  c_w.l(libshutdown2.o)
    0x080001f6   0x080001f6   0x00000000   Code   RO         5248    .ARM.Collect$$libshutdown$$00000006  c_w.l(libshutdown2.o)
    0x080001f6   0x080001f6   0x00000000   Code   RO         5251    .ARM.Collect$$libshutdown$$00000009  c_w.l(libshutdown2.o)
    0x080001f6   0x080001f6   0x00000000   Code   RO         5254    .ARM.Collect$$libshutdown$$0000000C  c_w.l(libshutdown2.o)
    0x080001f6   0x080001f6   0x00000000   Code   RO         5256    .ARM.Collect$$libshutdown$$0000000E  c_w.l(libshutdown2.o)
    0x080001f6   0x080001f6   0x00000000   Code   RO         5259    .ARM.Collect$$libshutdown$$00000011  c_w.l(libshutdown2.o)
    0x080001f6   0x080001f6   0x00000002   Code   RO         5260    .ARM.Collect$$libshutdown$$00000012  c_w.l(libshutdown2.o)
    0x080001f8   0x080001f8   0x00000000   Code   RO         5027    .ARM.Collect$$rtentry$$00000000  c_w.l(__rtentry.o)
    0x080001f8   0x080001f8   0x00000000   Code   RO         5134    .ARM.Collect$$rtentry$$00000002  c_w.l(__rtentry2.o)
    0x080001f8   0x080001f8   0x00000006   Code   RO         5146    .ARM.Collect$$rtentry$$00000004  c_w.l(__rtentry4.o)
    0x080001fe   0x080001fe   0x00000000   Code   RO         5136    .ARM.Collect$$rtentry$$00000009  c_w.l(__rtentry2.o)
    0x080001fe   0x080001fe   0x00000004   Code   RO         5137    .ARM.Collect$$rtentry$$0000000A  c_w.l(__rtentry2.o)
    0x08000202   0x08000202   0x00000000   Code   RO         5139    .ARM.Collect$$rtentry$$0000000C  c_w.l(__rtentry2.o)
    0x08000202   0x08000202   0x00000008   Code   RO         5140    .ARM.Collect$$rtentry$$0000000D  c_w.l(__rtentry2.o)
    0x0800020a   0x0800020a   0x00000002   Code   RO         5229    .ARM.Collect$$rtexit$$00000000  c_w.l(rtexit.o)
    0x0800020c   0x0800020c   0x00000000   Code   RO         5264    .ARM.Collect$$rtexit$$00000002  c_w.l(rtexit2.o)
    0x0800020c   0x0800020c   0x00000004   Code   RO         5265    .ARM.Collect$$rtexit$$00000003  c_w.l(rtexit2.o)
    0x08000210   0x08000210   0x00000006   Code   RO         5266    .ARM.Collect$$rtexit$$00000004  c_w.l(rtexit2.o)
    0x08000216   0x08000216   0x00000002   PAD
    0x08000218   0x08000218   0x00000000   Code   RO         5148    .emb_text           c_w.l(maybetermalloc1.o)
    0x08000218   0x08000218   0x00000040   Code   RO            4    .text               startup_stm32f103xe.o
    0x08000258   0x08000258   0x000000b8   Code   RO         4807    .text               c_w.l(h1_realloc.o)
    0x08000310   0x08000310   0x0000003e   Code   RO         4863    .text               c_w.l(strlen.o)
    0x0800034e   0x0800034e   0x0000008a   Code   RO         4865    .text               c_w.l(rt_memcpy_v6.o)
    0x080003d8   0x080003d8   0x00000064   Code   RO         4867    .text               c_w.l(rt_memcpy_w.o)
    0x0800043c   0x0800043c   0x0000004e   Code   RO         4869    .text               c_w.l(rt_memclr_w.o)
    0x0800048a   0x0800048a   0x00000006   Code   RO         4871    .text               c_w.l(heapauxi.o)
    0x08000490   0x08000490   0x00000024   Code   RO         4878    .text               c_w.l(init_aeabi.o)
    0x080004b4   0x080004b4   0x00000008   Code   RO         5031    .text               c_w.l(rt_heap_descriptor_intlibspace.o)
    0x080004bc   0x080004bc   0x00000004   Code   RO         5033    .text               c_w.l(hguard.o)
    0x080004c0   0x080004c0   0x0000008a   Code   RO         5035    .text               c_w.l(init_alloc.o)
    0x0800054a   0x0800054a   0x0000005e   Code   RO         5043    .text               c_w.l(h1_alloc.o)
    0x080005a8   0x080005a8   0x0000004e   Code   RO         5045    .text               c_w.l(h1_free.o)
    0x080005f6   0x080005f6   0x00000002   PAD
    0x080005f8   0x080005f8   0x00000008   Code   RO         5130    .text               c_w.l(libspace.o)
    0x08000600   0x08000600   0x0000000e   Code   RO         5150    .text               c_w.l(h1_init.o)
    0x0800060e   0x0800060e   0x00000034   Code   RO         5152    .text               c_w.l(h1_extend.o)
    0x08000642   0x08000642   0x0000000e   Code   RO         5158    .text               c_w.l(defsig_rtmem_outer.o)
    0x08000650   0x08000650   0x0000004a   Code   RO         5188    .text               c_w.l(sys_stackheap_outer.o)
    0x0800069a   0x0800069a   0x00000012   Code   RO         5201    .text               c_w.l(exit.o)
    0x080006ac   0x080006ac   0x0000000a   Code   RO         5205    .text               c_w.l(defsig_exit.o)
    0x080006b6   0x080006b6   0x00000002   PAD
    0x080006b8   0x080006b8   0x00000050   Code   RO         5207    .text               c_w.l(defsig_rtmem_inner.o)
    0x08000708   0x08000708   0x0000000c   Code   RO         5224    .text               c_w.l(sys_exit.o)
    0x08000714   0x08000714   0x00000002   Code   RO         5226    .text               c_w.l(use_no_semi.o)
    0x08000716   0x08000716   0x00000000   Code   RO         5228    .text               c_w.l(indicate_semi.o)
    0x08000716   0x08000716   0x00000032   Code   RO         5237    .text               c_w.l(defsig_general.o)
    0x08000748   0x08000748   0x0000000e   Code   RO         5261    .text               c_w.l(sys_wrch.o)
    0x08000756   0x08000756   0x00000002   Code   RO          223    i.BusFault_Handler  stm32f1xx_it.o
    0x08000758   0x08000758   0x00000004   Code   RO         1311    i.CDC_Control_FS    usbd_cdc_if.o
    0x0800075c   0x0800075c   0x00000004   Code   RO         1312    i.CDC_DeInit_FS     usbd_cdc_if.o
    0x08000760   0x08000760   0x00000024   Code   RO         1313    i.CDC_Init_FS       usbd_cdc_if.o
    0x08000784   0x08000784   0x00000018   Code   RO         1314    i.CDC_Receive_FS    usbd_cdc_if.o
    0x0800079c   0x0800079c   0x0000002c   Code   RO         1315    i.CDC_Transmit_FS   usbd_cdc_if.o
    0x080007c8   0x080007c8   0x0000000c   Code   RO          224    i.DMA1_Channel4_IRQHandler  stm32f1xx_it.o
    0x080007d4   0x080007d4   0x0000000c   Code   RO          225    i.DMA1_Channel5_IRQHandler  stm32f1xx_it.o
    0x080007e0   0x080007e0   0x0000002a   Code   RO         2442    i.DMA_SetConfig     stm32f1xx_hal_dma.o
    0x0800080a   0x0800080a   0x00000002   Code   RO          226    i.DebugMon_Handler  stm32f1xx_it.o
    0x0800080c   0x0800080c   0x00000004   Code   RO           13    i.Error_Handler     main.o
    0x08000810   0x08000810   0x00000046   Code   RO         2443    i.HAL_DMA_Abort     stm32f1xx_hal_dma.o
    0x08000856   0x08000856   0x00000002   PAD
    0x08000858   0x08000858   0x00000130   Code   RO         2444    i.HAL_DMA_Abort_IT  stm32f1xx_hal_dma.o
    0x08000988   0x08000988   0x00000248   Code   RO         2448    i.HAL_DMA_IRQHandler  stm32f1xx_hal_dma.o
    0x08000bd0   0x08000bd0   0x0000007c   Code   RO         2449    i.HAL_DMA_Init      stm32f1xx_hal_dma.o
    0x08000c4c   0x08000c4c   0x00000070   Code   RO         2453    i.HAL_DMA_Start_IT  stm32f1xx_hal_dma.o
    0x08000cbc   0x08000cbc   0x00000024   Code   RO         2071    i.HAL_Delay         stm32f1xx_hal.o
    0x08000ce0   0x08000ce0   0x000001f8   Code   RO         2379    i.HAL_GPIO_Init     stm32f1xx_hal_gpio.o
    0x08000ed8   0x08000ed8   0x00000010   Code   RO         2382    i.HAL_GPIO_TogglePin  stm32f1xx_hal_gpio.o
    0x08000ee8   0x08000ee8   0x0000000a   Code   RO         2383    i.HAL_GPIO_WritePin  stm32f1xx_hal_gpio.o
    0x08000ef2   0x08000ef2   0x00000002   PAD
    0x08000ef4   0x08000ef4   0x0000000c   Code   RO         2075    i.HAL_GetTick       stm32f1xx_hal.o
    0x08000f00   0x08000f00   0x0000005a   Code   RO         3039    i.HAL_IWDG_Init     stm32f1xx_hal_iwdg.o
    0x08000f5a   0x08000f5a   0x0000000c   Code   RO         3040    i.HAL_IWDG_Refresh  stm32f1xx_hal_iwdg.o
    0x08000f66   0x08000f66   0x00000002   PAD
    0x08000f68   0x08000f68   0x00000010   Code   RO         2081    i.HAL_IncTick       stm32f1xx_hal.o
    0x08000f78   0x08000f78   0x00000024   Code   RO         2082    i.HAL_Init          stm32f1xx_hal.o
    0x08000f9c   0x08000f9c   0x00000040   Code   RO         2083    i.HAL_InitTick      stm32f1xx_hal.o
    0x08000fdc   0x08000fdc   0x00000038   Code   RO          323    i.HAL_MspInit       stm32f1xx_hal_msp.o
    0x08001014   0x08001014   0x0000001a   Code   RO         2539    i.HAL_NVIC_EnableIRQ  stm32f1xx_hal_cortex.o
    0x0800102e   0x0800102e   0x00000002   PAD
    0x08001030   0x08001030   0x00000040   Code   RO         2545    i.HAL_NVIC_SetPriority  stm32f1xx_hal_cortex.o
    0x08001070   0x08001070   0x00000024   Code   RO         2546    i.HAL_NVIC_SetPriorityGrouping  stm32f1xx_hal_cortex.o
    0x08001094   0x08001094   0x0000003c   Code   RO         1844    i.HAL_PCDEx_PMAConfig  stm32f1xx_hal_pcd_ex.o
    0x080010d0   0x080010d0   0x00000002   Code   RO         1363    i.HAL_PCDEx_SetConnectionState  usbd_conf.o
    0x080010d2   0x080010d2   0x00000012   Code   RO         1365    i.HAL_PCD_DataInStageCallback  usbd_conf.o
    0x080010e4   0x080010e4   0x00000014   Code   RO         1366    i.HAL_PCD_DataOutStageCallback  usbd_conf.o
    0x080010f8   0x080010f8   0x0000004c   Code   RO         1620    i.HAL_PCD_EP_Close  stm32f1xx_hal_pcd.o
    0x08001144   0x08001144   0x0000005c   Code   RO         1621    i.HAL_PCD_EP_ClrStall  stm32f1xx_hal_pcd.o
    0x080011a0   0x080011a0   0x000000e6   Code   RO         1622    i.HAL_PCD_EP_DB_Receive  stm32f1xx_hal_pcd.o
    0x08001286   0x08001286   0x00000330   Code   RO         1623    i.HAL_PCD_EP_DB_Transmit  stm32f1xx_hal_pcd.o
    0x080015b6   0x080015b6   0x00000012   Code   RO         1625    i.HAL_PCD_EP_GetRxCount  stm32f1xx_hal_pcd.o
    0x080015c8   0x080015c8   0x00000060   Code   RO         1626    i.HAL_PCD_EP_Open   stm32f1xx_hal_pcd.o
    0x08001628   0x08001628   0x00000032   Code   RO         1627    i.HAL_PCD_EP_Receive  stm32f1xx_hal_pcd.o
    0x0800165a   0x0800165a   0x00000072   Code   RO         1628    i.HAL_PCD_EP_SetStall  stm32f1xx_hal_pcd.o
    0x080016cc   0x080016cc   0x00000034   Code   RO         1629    i.HAL_PCD_EP_Transmit  stm32f1xx_hal_pcd.o
    0x08001700   0x08001700   0x00000154   Code   RO         1631    i.HAL_PCD_IRQHandler  stm32f1xx_hal_pcd.o
    0x08001854   0x08001854   0x000000da   Code   RO         1634    i.HAL_PCD_Init      stm32f1xx_hal_pcd.o
    0x0800192e   0x0800192e   0x00000002   PAD
    0x08001930   0x08001930   0x0000003c   Code   RO         1371    i.HAL_PCD_MspInit   usbd_conf.o
    0x0800196c   0x0800196c   0x00000026   Code   RO         1372    i.HAL_PCD_ResetCallback  usbd_conf.o
    0x08001992   0x08001992   0x00000008   Code   RO         1373    i.HAL_PCD_ResumeCallback  usbd_conf.o
    0x0800199a   0x0800199a   0x00000008   Code   RO         1374    i.HAL_PCD_SOFCallback  usbd_conf.o
    0x080019a2   0x080019a2   0x00000028   Code   RO         1640    i.HAL_PCD_SetAddress  stm32f1xx_hal_pcd.o
    0x080019ca   0x080019ca   0x0000000e   Code   RO         1375    i.HAL_PCD_SetupStageCallback  usbd_conf.o
    0x080019d8   0x080019d8   0x00000032   Code   RO         1642    i.HAL_PCD_Start     stm32f1xx_hal_pcd.o
    0x08001a0a   0x08001a0a   0x00000002   PAD
    0x08001a0c   0x08001a0c   0x00000024   Code   RO         1376    i.HAL_PCD_SuspendCallback  usbd_conf.o
    0x08001a30   0x08001a30   0x000000ec   Code   RO         2342    i.HAL_RCCEx_PeriphCLKConfig  stm32f1xx_hal_rcc_ex.o
    0x08001b1c   0x08001b1c   0x0000012c   Code   RO         2239    i.HAL_RCC_ClockConfig  stm32f1xx_hal_rcc.o
    0x08001c48   0x08001c48   0x00000020   Code   RO         2246    i.HAL_RCC_GetPCLK1Freq  stm32f1xx_hal_rcc.o
    0x08001c68   0x08001c68   0x00000020   Code   RO         2247    i.HAL_RCC_GetPCLK2Freq  stm32f1xx_hal_rcc.o
    0x08001c88   0x08001c88   0x0000006c   Code   RO         2248    i.HAL_RCC_GetSysClockFreq  stm32f1xx_hal_rcc.o
    0x08001cf4   0x08001cf4   0x00000320   Code   RO         2251    i.HAL_RCC_OscConfig  stm32f1xx_hal_rcc.o
    0x08002014   0x08002014   0x00000028   Code   RO         2550    i.HAL_SYSTICK_Config  stm32f1xx_hal_cortex.o
    0x0800203c   0x0800203c   0x0000007c   Code   RO         3794    i.HAL_TIMEx_MasterConfigSynchronization  stm32f1xx_hal_tim_ex.o
    0x080020b8   0x080020b8   0x0000005a   Code   RO         3071    i.HAL_TIM_Base_Init  stm32f1xx_hal_tim.o
    0x08002112   0x08002112   0x00000002   PAD
    0x08002114   0x08002114   0x00000028   Code   RO          325    i.HAL_TIM_Base_MspInit  stm32f1xx_hal_msp.o
    0x0800213c   0x0800213c   0x000000d6   Code   RO         3080    i.HAL_TIM_ConfigClockSource  stm32f1xx_hal_tim.o
    0x08002212   0x08002212   0x000000a4   Code   RO         3092    i.HAL_TIM_Encoder_Init  stm32f1xx_hal_tim.o
    0x080022b6   0x080022b6   0x00000002   PAD
    0x080022b8   0x080022b8   0x00000128   Code   RO          327    i.HAL_TIM_Encoder_MspInit  stm32f1xx_hal_msp.o
    0x080023e0   0x080023e0   0x0000008e   Code   RO         3095    i.HAL_TIM_Encoder_Start  stm32f1xx_hal_tim.o
    0x0800246e   0x0800246e   0x00000002   PAD
    0x08002470   0x08002470   0x0000004c   Code   RO          328    i.HAL_TIM_MspPostInit  stm32f1xx_hal_msp.o
    0x080024bc   0x080024bc   0x000000c6   Code   RO         3143    i.HAL_TIM_PWM_ConfigChannel  stm32f1xx_hal_tim.o
    0x08002582   0x08002582   0x0000005a   Code   RO         3146    i.HAL_TIM_PWM_Init  stm32f1xx_hal_tim.o
    0x080025dc   0x080025dc   0x00000002   Code   RO         3148    i.HAL_TIM_PWM_MspInit  stm32f1xx_hal_tim.o
    0x080025de   0x080025de   0x00000002   PAD
    0x080025e0   0x080025e0   0x000000b4   Code   RO         3151    i.HAL_TIM_PWM_Start  stm32f1xx_hal_tim.o
    0x08002694   0x08002694   0x00000002   Code   RO         4053    i.HAL_UARTEx_RxEventCallback  stm32f1xx_hal_uart.o
    0x08002696   0x08002696   0x00000002   Code   RO         4067    i.HAL_UART_ErrorCallback  stm32f1xx_hal_uart.o
    0x08002698   0x08002698   0x0000020c   Code   RO         4070    i.HAL_UART_IRQHandler  stm32f1xx_hal_uart.o
    0x080028a4   0x080028a4   0x00000062   Code   RO         4071    i.HAL_UART_Init     stm32f1xx_hal_uart.o
    0x08002906   0x08002906   0x00000002   PAD
    0x08002908   0x08002908   0x000000e8   Code   RO          330    i.HAL_UART_MspInit  stm32f1xx_hal_msp.o
    0x080029f0   0x080029f0   0x0000002a   Code   RO         4075    i.HAL_UART_Receive_DMA  stm32f1xx_hal_uart.o
    0x08002a1a   0x08002a1a   0x00000002   Code   RO         4077    i.HAL_UART_RxCpltCallback  stm32f1xx_hal_uart.o
    0x08002a1c   0x08002a1c   0x00000002   Code   RO         4078    i.HAL_UART_RxHalfCpltCallback  stm32f1xx_hal_uart.o
    0x08002a1e   0x08002a1e   0x00000002   PAD
    0x08002a20   0x08002a20   0x00000080   Code   RO         4080    i.HAL_UART_Transmit_DMA  stm32f1xx_hal_uart.o
    0x08002aa0   0x08002aa0   0x00000002   Code   RO         4082    i.HAL_UART_TxCpltCallback  stm32f1xx_hal_uart.o
    0x08002aa2   0x08002aa2   0x00000002   Code   RO         4083    i.HAL_UART_TxHalfCpltCallback  stm32f1xx_hal_uart.o
    0x08002aa4   0x08002aa4   0x00000002   Code   RO          227    i.HardFault_Handler  stm32f1xx_it.o
    0x08002aa6   0x08002aa6   0x00000002   PAD
    0x08002aa8   0x08002aa8   0x00000038   Code   RO         1225    i.IntToUnicode      usbd_desc.o
    0x08002ae0   0x08002ae0   0x00000114   Code   RO           14    i.MX_GPIO_Init      main.o
    0x08002bf4   0x08002bf4   0x0000006c   Code   RO           15    i.MX_TIM1_Init      main.o
    0x08002c60   0x08002c60   0x00000068   Code   RO           16    i.MX_TIM3_Init      main.o
    0x08002cc8   0x08002cc8   0x00000068   Code   RO           17    i.MX_TIM4_Init      main.o
    0x08002d30   0x08002d30   0x000000c8   Code   RO           18    i.MX_TIM5_Init      main.o
    0x08002df8   0x08002df8   0x0000006c   Code   RO           19    i.MX_TIM8_Init      main.o
    0x08002e64   0x08002e64   0x00000054   Code   RO         1194    i.MX_USB_DEVICE_Init  usb_device.o
    0x08002eb8   0x08002eb8   0x00000002   Code   RO          228    i.MemManage_Handler  stm32f1xx_it.o
    0x08002eba   0x08002eba   0x00000002   Code   RO          229    i.NMI_Handler       stm32f1xx_it.o
    0x08002ebc   0x08002ebc   0x00000314   Code   RO         1646    i.PCD_EP_ISR_Handler  stm32f1xx_hal_pcd.o
    0x080031d0   0x080031d0   0x00000002   Code   RO          230    i.PendSV_Handler    stm32f1xx_it.o
    0x080031d2   0x080031d2   0x00000002   Code   RO          231    i.SVC_Handler       stm32f1xx_it.o
    0x080031d4   0x080031d4   0x00000004   Code   RO          232    i.SysTick_Handler   stm32f1xx_it.o
    0x080031d8   0x080031d8   0x0000007e   Code   RO           20    i.SystemClock_Config  main.o
    0x08003256   0x08003256   0x00000002   Code   RO         4400    i.SystemInit        system_stm32f1xx.o
    0x08003258   0x08003258   0x0000008c   Code   RO         3164    i.TIM_Base_SetConfig  stm32f1xx_hal_tim.o
    0x080032e4   0x080032e4   0x0000001a   Code   RO         3165    i.TIM_CCxChannelCmd  stm32f1xx_hal_tim.o
    0x080032fe   0x080032fe   0x00000014   Code   RO         3175    i.TIM_ETR_SetConfig  stm32f1xx_hal_tim.o
    0x08003312   0x08003312   0x00000010   Code   RO         3176    i.TIM_ITRx_SetConfig  stm32f1xx_hal_tim.o
    0x08003322   0x08003322   0x00000002   PAD
    0x08003324   0x08003324   0x00000060   Code   RO         3177    i.TIM_OC1_SetConfig  stm32f1xx_hal_tim.o
    0x08003384   0x08003384   0x0000006c   Code   RO         3178    i.TIM_OC2_SetConfig  stm32f1xx_hal_tim.o
    0x080033f0   0x080033f0   0x00000068   Code   RO         3179    i.TIM_OC3_SetConfig  stm32f1xx_hal_tim.o
    0x08003458   0x08003458   0x00000050   Code   RO         3180    i.TIM_OC4_SetConfig  stm32f1xx_hal_tim.o
    0x080034a8   0x080034a8   0x00000022   Code   RO         3182    i.TIM_TI1_ConfigInputStage  stm32f1xx_hal_tim.o
    0x080034ca   0x080034ca   0x00000024   Code   RO         3184    i.TIM_TI2_ConfigInputStage  stm32f1xx_hal_tim.o
    0x080034ee   0x080034ee   0x00000010   Code   RO         4084    i.UART_DMAAbortOnError  stm32f1xx_hal_uart.o
    0x080034fe   0x080034fe   0x0000004a   Code   RO         4085    i.UART_DMAError     stm32f1xx_hal_uart.o
    0x08003548   0x08003548   0x0000005a   Code   RO         4086    i.UART_DMAReceiveCplt  stm32f1xx_hal_uart.o
    0x080035a2   0x080035a2   0x0000001a   Code   RO         4088    i.UART_DMARxHalfCplt  stm32f1xx_hal_uart.o
    0x080035bc   0x080035bc   0x0000002e   Code   RO         4090    i.UART_DMATransmitCplt  stm32f1xx_hal_uart.o
    0x080035ea   0x080035ea   0x0000000a   Code   RO         4092    i.UART_DMATxHalfCplt  stm32f1xx_hal_uart.o
    0x080035f4   0x080035f4   0x00000030   Code   RO         4094    i.UART_EndRxTransfer  stm32f1xx_hal_uart.o
    0x08003624   0x08003624   0x00000012   Code   RO         4095    i.UART_EndTxTransfer  stm32f1xx_hal_uart.o
    0x08003636   0x08003636   0x000000b6   Code   RO         4096    i.UART_Receive_IT   stm32f1xx_hal_uart.o
    0x080036ec   0x080036ec   0x000000b8   Code   RO         4097    i.UART_SetConfig    stm32f1xx_hal_uart.o
    0x080037a4   0x080037a4   0x00000070   Code   RO         4098    i.UART_Start_Receive_DMA  stm32f1xx_hal_uart.o
    0x08003814   0x08003814   0x0000000c   Code   RO          233    i.USART1_IRQHandler  stm32f1xx_it.o
    0x08003820   0x08003820   0x00000046   Code   RO         4700    i.USBD_CDC_DataIn   usbd_cdc.o
    0x08003866   0x08003866   0x0000002e   Code   RO         4701    i.USBD_CDC_DataOut  usbd_cdc.o
    0x08003894   0x08003894   0x00000044   Code   RO         4702    i.USBD_CDC_DeInit   usbd_cdc.o
    0x080038d8   0x080038d8   0x00000024   Code   RO         4703    i.USBD_CDC_EP0_RxReady  usbd_cdc.o
    0x080038fc   0x080038fc   0x0000000c   Code   RO         4704    i.USBD_CDC_GetDeviceQualifierDescriptor  usbd_cdc.o
    0x08003908   0x08003908   0x0000000c   Code   RO         4705    i.USBD_CDC_GetFSCfgDesc  usbd_cdc.o
    0x08003914   0x08003914   0x0000000c   Code   RO         4706    i.USBD_CDC_GetHSCfgDesc  usbd_cdc.o
    0x08003920   0x08003920   0x0000000c   Code   RO         4707    i.USBD_CDC_GetOtherSpeedCfgDesc  usbd_cdc.o
    0x0800392c   0x0800392c   0x00000094   Code   RO         4708    i.USBD_CDC_Init     usbd_cdc.o
    0x080039c0   0x080039c0   0x00000028   Code   RO         4709    i.USBD_CDC_ReceivePacket  usbd_cdc.o
    0x080039e8   0x080039e8   0x00000010   Code   RO         4710    i.USBD_CDC_RegisterInterface  usbd_cdc.o
    0x080039f8   0x080039f8   0x0000000c   Code   RO         4711    i.USBD_CDC_SetRxBuffer  usbd_cdc.o
    0x08003a04   0x08003a04   0x00000010   Code   RO         4712    i.USBD_CDC_SetTxBuffer  usbd_cdc.o
    0x08003a14   0x08003a14   0x000000ac   Code   RO         4713    i.USBD_CDC_Setup    usbd_cdc.o
    0x08003ac0   0x08003ac0   0x00000036   Code   RO         4714    i.USBD_CDC_TransmitPacket  usbd_cdc.o
    0x08003af6   0x08003af6   0x0000000e   Code   RO         4437    i.USBD_ClrClassConfig  usbd_core.o
    0x08003b04   0x08003b04   0x00000010   Code   RO         4640    i.USBD_CtlContinueRx  usbd_ioreq.o
    0x08003b14   0x08003b14   0x00000010   Code   RO         4641    i.USBD_CtlContinueSendData  usbd_ioreq.o
    0x08003b24   0x08003b24   0x00000016   Code   RO         4575    i.USBD_CtlError     usbd_ctlreq.o
    0x08003b3a   0x08003b3a   0x0000001e   Code   RO         4642    i.USBD_CtlPrepareRx  usbd_ioreq.o
    0x08003b58   0x08003b58   0x00000016   Code   RO         4643    i.USBD_CtlReceiveStatus  usbd_ioreq.o
    0x08003b6e   0x08003b6e   0x0000001a   Code   RO         4644    i.USBD_CtlSendData  usbd_ioreq.o
    0x08003b88   0x08003b88   0x00000016   Code   RO         4645    i.USBD_CtlSendStatus  usbd_ioreq.o
    0x08003b9e   0x08003b9e   0x00000002   PAD
    0x08003ba0   0x08003ba0   0x00000020   Code   RO         1226    i.USBD_FS_ConfigStrDescriptor  usbd_desc.o
    0x08003bc0   0x08003bc0   0x0000000c   Code   RO         1227    i.USBD_FS_DeviceDescriptor  usbd_desc.o
    0x08003bcc   0x08003bcc   0x00000024   Code   RO         1228    i.USBD_FS_InterfaceStrDescriptor  usbd_desc.o
    0x08003bf0   0x08003bf0   0x0000000c   Code   RO         1229    i.USBD_FS_LangIDStrDescriptor  usbd_desc.o
    0x08003bfc   0x08003bfc   0x00000028   Code   RO         1230    i.USBD_FS_ManufacturerStrDescriptor  usbd_desc.o
    0x08003c24   0x08003c24   0x0000002c   Code   RO         1231    i.USBD_FS_ProductStrDescriptor  usbd_desc.o
    0x08003c50   0x08003c50   0x00000038   Code   RO         1232    i.USBD_FS_SerialStrDescriptor  usbd_desc.o
    0x08003c88   0x08003c88   0x000000e8   Code   RO         4576    i.USBD_GetDescriptor  usbd_ctlreq.o
    0x08003d70   0x08003d70   0x00000048   Code   RO         4577    i.USBD_GetString    usbd_ctlreq.o
    0x08003db8   0x08003db8   0x00000018   Code   RO         1377    i.USBD_Get_USB_Status  usbd_conf.o
    0x08003dd0   0x08003dd0   0x0000002a   Code   RO         4439    i.USBD_Init         usbd_core.o
    0x08003dfa   0x08003dfa   0x00000012   Code   RO         1378    i.USBD_LL_ClearStallEP  usbd_conf.o
    0x08003e0c   0x08003e0c   0x00000012   Code   RO         1379    i.USBD_LL_CloseEP   usbd_conf.o
    0x08003e1e   0x08003e1e   0x000000c6   Code   RO         4440    i.USBD_LL_DataInStage  usbd_core.o
    0x08003ee4   0x08003ee4   0x00000082   Code   RO         4441    i.USBD_LL_DataOutStage  usbd_core.o
    0x08003f66   0x08003f66   0x00000008   Code   RO         1383    i.USBD_LL_GetRxDataSize  usbd_conf.o
    0x08003f6e   0x08003f6e   0x00000002   PAD
    0x08003f70   0x08003f70   0x00000080   Code   RO         1384    i.USBD_LL_Init      usbd_conf.o
    0x08003ff0   0x08003ff0   0x00000020   Code   RO         1385    i.USBD_LL_IsStallEP  usbd_conf.o
    0x08004010   0x08004010   0x00000018   Code   RO         1386    i.USBD_LL_OpenEP    usbd_conf.o
    0x08004028   0x08004028   0x00000012   Code   RO         1387    i.USBD_LL_PrepareReceive  usbd_conf.o
    0x0800403a   0x0800403a   0x00000050   Code   RO         4446    i.USBD_LL_Reset     usbd_core.o
    0x0800408a   0x0800408a   0x00000014   Code   RO         4447    i.USBD_LL_Resume    usbd_core.o
    0x0800409e   0x0800409e   0x00000018   Code   RO         4448    i.USBD_LL_SOF       usbd_core.o
    0x080040b6   0x080040b6   0x00000006   Code   RO         4449    i.USBD_LL_SetSpeed  usbd_core.o
    0x080040bc   0x080040bc   0x00000012   Code   RO         1388    i.USBD_LL_SetUSBAddress  usbd_conf.o
    0x080040ce   0x080040ce   0x0000005a   Code   RO         4450    i.USBD_LL_SetupStage  usbd_core.o
    0x08004128   0x08004128   0x00000012   Code   RO         1389    i.USBD_LL_StallEP   usbd_conf.o
    0x0800413a   0x0800413a   0x00000012   Code   RO         1390    i.USBD_LL_Start     usbd_conf.o
    0x0800414c   0x0800414c   0x00000012   Code   RO         4451    i.USBD_LL_Suspend   usbd_core.o
    0x0800415e   0x0800415e   0x00000012   Code   RO         1392    i.USBD_LL_Transmit  usbd_conf.o
    0x08004170   0x08004170   0x00000028   Code   RO         4578    i.USBD_ParseSetupRequest  usbd_ctlreq.o
    0x08004198   0x08004198   0x00000010   Code   RO         4452    i.USBD_RegisterClass  usbd_core.o
    0x080041a8   0x080041a8   0x00000016   Code   RO         4454    i.USBD_SetClassConfig  usbd_core.o
    0x080041be   0x080041be   0x00000002   PAD
    0x080041c0   0x080041c0   0x00000084   Code   RO         4579    i.USBD_SetConfig    usbd_ctlreq.o
    0x08004244   0x08004244   0x0000000a   Code   RO         4455    i.USBD_Start        usbd_core.o
    0x0800424e   0x0800424e   0x00000112   Code   RO         4580    i.USBD_StdDevReq    usbd_ctlreq.o
    0x08004360   0x08004360   0x00000150   Code   RO         4581    i.USBD_StdEPReq     usbd_ctlreq.o
    0x080044b0   0x080044b0   0x0000004e   Code   RO         4582    i.USBD_StdItfReq    usbd_ctlreq.o
    0x080044fe   0x080044fe   0x00000002   Code   RO         1393    i.USBD_static_free  usbd_conf.o
    0x08004500   0x08004500   0x00000008   Code   RO         1394    i.USBD_static_malloc  usbd_conf.o
    0x08004508   0x08004508   0x00000258   Code   RO         1884    i.USB_ActivateEndpoint  stm32f1xx_ll_usb.o
    0x08004760   0x08004760   0x00000004   Code   RO         1887    i.USB_CoreInit      stm32f1xx_ll_usb.o
    0x08004764   0x08004764   0x0000010e   Code   RO         1889    i.USB_DeactivateEndpoint  stm32f1xx_ll_usb.o
    0x08004872   0x08004872   0x00000004   Code   RO         1890    i.USB_DevConnect    stm32f1xx_ll_usb.o
    0x08004876   0x08004876   0x00000004   Code   RO         1891    i.USB_DevDisconnect  stm32f1xx_ll_usb.o
    0x0800487a   0x0800487a   0x00000012   Code   RO         1892    i.USB_DevInit       stm32f1xx_ll_usb.o
    0x0800488c   0x0800488c   0x0000000e   Code   RO         1893    i.USB_DisableGlobalInt  stm32f1xx_ll_usb.o
    0x0800489a   0x0800489a   0x00000004   Code   RO         1894    i.USB_EP0_OutStart  stm32f1xx_ll_usb.o
    0x0800489e   0x0800489e   0x00000078   Code   RO         1895    i.USB_EPClearStall  stm32f1xx_ll_usb.o
    0x08004916   0x08004916   0x00000032   Code   RO         1896    i.USB_EPSetStall    stm32f1xx_ll_usb.o
    0x08004948   0x08004948   0x0000060c   Code   RO         1897    i.USB_EPStartXfer   stm32f1xx_ll_usb.o
    0x08004f54   0x08004f54   0x00000012   Code   RO         1898    i.USB_EnableGlobalInt  stm32f1xx_ll_usb.o
    0x08004f66   0x08004f66   0x00000002   PAD
    0x08004f68   0x08004f68   0x0000000c   Code   RO          234    i.USB_LP_CAN1_RX0_IRQHandler  stm32f1xx_it.o
    0x08004f74   0x08004f74   0x00000006   Code   RO         1905    i.USB_ReadInterrupts  stm32f1xx_ll_usb.o
    0x08004f7a   0x08004f7a   0x00000002   PAD
    0x08004f7c   0x08004f7c   0x0000002c   Code   RO         1906    i.USB_ReadPMA       stm32f1xx_ll_usb.o
    0x08004fa8   0x08004fa8   0x00000004   Code   RO         1907    i.USB_SetCurrentMode  stm32f1xx_ll_usb.o
    0x08004fac   0x08004fac   0x0000000c   Code   RO         1908    i.USB_SetDevAddress  stm32f1xx_ll_usb.o
    0x08004fb8   0x08004fb8   0x00000026   Code   RO         1910    i.USB_WritePMA      stm32f1xx_ll_usb.o
    0x08004fde   0x08004fde   0x00000002   Code   RO          235    i.UsageFault_Handler  stm32f1xx_it.o
    0x08004fe0   0x08004fe0   0x0000009c   Code   RO          432    i._Z11cmd_vel_msgRKN13geometry_msgs5TwistE  ros_main.o
    0x0800507c   0x0800507c   0x000000fc   Code   RO          433    i._Z13twin_drive_ikdd  ros_main.o
    0x08005178   0x08005178   0x00000084   Code   RO          434    i._Z16motor_controller11MOTOR_INDEX15MOTOR_DIRECTIONii  ros_main.o
    0x080051fc   0x080051fc   0x00000074   Code   RO          435    i._Z22motor_peripherals_init11MOTOR_INDEX  ros_main.o
    0x08005270   0x08005270   0x0000000e   Code   RO          437    i._Z5__absf         ros_main.o
    0x0800527e   0x0800527e   0x00000002   PAD
    0x08005280   0x08005280   0x000000a0   Code   RO          822    i._ZN13STM32Hardware5writeEPhi  ros_main.o
    0x08005320   0x08005320   0x0000001c   Code   RO          678    i._ZN13geometry_msgs5Twist11deserializeEPh  ros_main.o
    0x0800533c   0x0800533c   0x00000008   Code   RO          702    i._ZN13geometry_msgs5Twist6getMD5Ev  ros_main.o
    0x08005344   0x08005344   0x00000008   Code   RO          690    i._ZN13geometry_msgs5Twist7getTypeEv  ros_main.o
    0x0800534c   0x0800534c   0x0000002a   Code   RO          578    i._ZN13geometry_msgs7Vector311deserializeEPh  ros_main.o
    0x08005376   0x08005376   0x00000002   PAD
    0x08005378   0x08005378   0x00000008   Code   RO          810    i._ZN13geometry_msgs7Vector36getMD5Ev  ros_main.o
    0x08005380   0x08005380   0x00000008   Code   RO          804    i._ZN13geometry_msgs7Vector37getTypeEv  ros_main.o
    0x08005388   0x08005388   0x00000014   Code   RO          621    i._ZN13geometry_msgs7Vector3C1Ev  ros_main.o
    0x0800539c   0x0800539c   0x0000012a   Code   RO          540    i._ZN14rosserial_msgs20RequestParamResponse11deserializeEPh  ros_main.o
    0x080054c6   0x080054c6   0x00000002   PAD
    0x080054c8   0x080054c8   0x00000008   Code   RO          798    i._ZN14rosserial_msgs20RequestParamResponse6getMD5Ev  ros_main.o
    0x080054d0   0x080054d0   0x00000008   Code   RO          792    i._ZN14rosserial_msgs20RequestParamResponse7getTypeEv  ros_main.o
    0x080054d8   0x080054d8   0x00000008   Code   RO          857    i._ZN14rosserial_msgs3Log6getMD5Ev  ros_main.o
    0x080054e0   0x080054e0   0x00000008   Code   RO          851    i._ZN14rosserial_msgs3Log7getTypeEv  ros_main.o
    0x080054e8   0x080054e8   0x00000008   Code   RO          780    i._ZN14rosserial_msgs9TopicInfo6getMD5Ev  ros_main.o
    0x080054f0   0x080054f0   0x00000008   Code   RO          774    i._ZN14rosserial_msgs9TopicInfo7getTypeEv  ros_main.o
    0x080054f8   0x080054f8   0x00000020   Code   RO         1154    i._ZN3ros16normalizeSecNSecERjS0_  time.o
    0x08005518   0x08005518   0x00000054   Code   RO          566    i._ZN3ros3Msg19serializeAvrFloat64EPhf  ros_main.o
    0x0800556c   0x0800556c   0x00000054   Code   RO          572    i._ZN3ros3Msg21deserializeAvrFloat64EPKhPf  ros_main.o
    0x080055c0   0x080055c0   0x0000003e   Code   RO          546    i._ZN8std_msgs4Time11deserializeEPh  ros_main.o
    0x080055fe   0x080055fe   0x00000002   PAD
    0x08005600   0x08005600   0x00000008   Code   RO          732    i._ZN8std_msgs4Time6getMD5Ev  ros_main.o
    0x08005608   0x08005608   0x00000008   Code   RO          726    i._ZN8std_msgs4Time7getTypeEv  ros_main.o
    0x08005610   0x08005610   0x00000010   Code   RO          596    i._ZN8std_msgs4TimeC1Ev  ros_main.o
    0x08005620   0x08005620   0x00000008   Code   RO          756    i._ZN8std_msgs6String6getMD5Ev  ros_main.o
    0x08005628   0x08005628   0x00000008   Code   RO          750    i._ZN8std_msgs6String7getTypeEv  ros_main.o
    0x08005630   0x08005630   0x0000001c   Code   RO          816    i._ZNK13geometry_msgs5Twist9serializeEPh  ros_main.o
    0x0800564c   0x0800564c   0x00000026   Code   RO          584    i._ZNK13geometry_msgs7Vector39serializeEPh  ros_main.o
    0x08005672   0x08005672   0x000000d2   Code   RO          786    i._ZNK14rosserial_msgs20RequestParamResponse9serializeEPh  ros_main.o
    0x08005744   0x08005744   0x00000028   Code   RO          839    i._ZNK14rosserial_msgs3Log9serializeEPh  ros_main.o
    0x0800576c   0x0800576c   0x00000082   Code   RO          762    i._ZNK14rosserial_msgs9TopicInfo9serializeEPh  ros_main.o
    0x080057ee   0x080057ee   0x00000032   Code   RO          720    i._ZNK8std_msgs4Time9serializeEPh  ros_main.o
    0x08005820   0x08005820   0x00000024   Code   RO          738    i._ZNK8std_msgs6String9serializeEPh  ros_main.o
    0x08005844   0x08005844   0x00000020   Code   RO         2552    i.__NVIC_SetPriority  stm32f1xx_hal_cortex.o
    0x08005864   0x08005864   0x000000bc   Code   RO          439    i.__sti___12_ros_main_cpp_ab0e6571  ros_main.o
    0x08005920   0x08005920   0x0000009c   Code   RO          440    i.loop              ros_main.o
    0x080059bc   0x080059bc   0x000000b8   Code   RO           21    i.main              main.o
    0x08005a74   0x08005a74   0x000000c0   Code   RO          441    i.setup             ros_main.o
    0x08005b34   0x08005b34   0x00000008   Code   RO          696    t._ZN3ros10SubscriberIN13geometry_msgs5TwistEvE10getMsgTypeEv  ros_main.o
    0x08005b3c   0x08005b3c   0x00000004   Code   RO          714    t._ZN3ros10SubscriberIN13geometry_msgs5TwistEvE15getEndpointTypeEv  ros_main.o
    0x08005b40   0x08005b40   0x00000016   Code   RO          684    t._ZN3ros10SubscriberIN13geometry_msgs5TwistEvE8callbackEPh  ros_main.o
    0x08005b56   0x08005b56   0x00000002   PAD
    0x08005b58   0x08005b58   0x00000008   Code   RO          708    t._ZN3ros10SubscriberIN13geometry_msgs5TwistEvE9getMsgMD5Ev  ros_main.o
    0x08005b60   0x08005b60   0x000000d0   Code   RO          552    t._ZN3ros11NodeHandle_I13STM32HardwareLi25ELi25ELi1024ELi1024EE15negotiateTopicsEv  ros_main.o
    0x08005c30   0x08005c30   0x00000020   Code   RO          602    t._ZN3ros11NodeHandle_I13STM32HardwareLi25ELi25ELi1024ELi1024EE15requestSyncTimeEv  ros_main.o
    0x08005c50   0x08005c50   0x000000bc   Code   RO          671    t._ZN3ros11NodeHandle_I13STM32HardwareLi25ELi25ELi1024ELi1024EE7publishEiPKNS_3MsgE  ros_main.o
    0x08005d0c   0x08005d0c   0x00000290   Code   RO          559    t._ZN3ros11NodeHandle_I13STM32HardwareLi25ELi25ELi1024ELi1024EE8spinOnceEv  ros_main.o
    0x08005f9c   0x08005f9c   0x0000002a   Code   RO          590    t._ZN3ros11NodeHandle_I13STM32HardwareLi25ELi25ELi1024ELi1024EE9advertiseERNS_9PublisherE  ros_main.o
    0x08005fc6   0x08005fc6   0x00000002   PAD
    0x08005fc8   0x08005fc8   0x00000090   Code   RO          615    t._ZN3ros11NodeHandle_I13STM32HardwareLi25ELi25ELi1024ELi1024EEC1Ev  ros_main.o
    0x08006058   0x08006058   0x0000001a   Code   RO          609    t._ZN3ros3Msg8arrToVarIjPhEEvRT_T0_  ros_main.o
    0x08006072   0x08006072   0x00000012   Code   RO          828    t._ZN3ros3Msg8varToArrIPhjEEvT_T0_  ros_main.o
    0x08006084   0x08006084   0x00000062   Code   RO         4987    x$fpl$d2f           fz_ws.l(d2f.o)
    0x080060e6   0x080060e6   0x00000002   PAD
    0x080060e8   0x080060e8   0x00000150   Code   RO         4989    x$fpl$dadd          fz_ws.l(daddsub_clz.o)
    0x08006238   0x08006238   0x00000010   Code   RO         5119    x$fpl$dcheck1       fz_ws.l(dcheck1.o)
    0x08006248   0x08006248   0x000002b0   Code   RO         4996    x$fpl$ddiv          fz_ws.l(ddiv.o)
    0x080064f8   0x080064f8   0x0000005e   Code   RO         4999    x$fpl$dfix          fz_ws.l(dfix.o)
    0x08006556   0x08006556   0x0000002e   Code   RO         5004    x$fpl$dflt          fz_ws.l(dflt_clz.o)
    0x08006584   0x08006584   0x00000154   Code   RO         5009    x$fpl$dmul          fz_ws.l(dmul.o)
    0x080066d8   0x080066d8   0x0000009c   Code   RO         5121    x$fpl$dnaninf       fz_ws.l(dnaninf.o)
    0x08006774   0x08006774   0x0000000c   Code   RO         5123    x$fpl$dretinf       fz_ws.l(dretinf.o)
    0x08006780   0x08006780   0x00000016   Code   RO         4990    x$fpl$drsb          fz_ws.l(daddsub_clz.o)
    0x08006796   0x08006796   0x00000002   PAD
    0x08006798   0x08006798   0x000001d4   Code   RO         4991    x$fpl$dsub          fz_ws.l(daddsub_clz.o)
    0x0800696c   0x0800696c   0x00000056   Code   RO         5011    x$fpl$f2d           fz_ws.l(f2d.o)
    0x080069c2   0x080069c2   0x00000002   PAD
    0x080069c4   0x080069c4   0x0000003e   Code   RO         5013    x$fpl$ffixu         fz_ws.l(ffixu.o)
    0x08006a02   0x08006a02   0x00000002   PAD
    0x08006a04   0x08006a04   0x00000026   Code   RO         5017    x$fpl$ffltu         fz_ws.l(fflt_clz.o)
    0x08006a2a   0x08006a2a   0x0000008c   Code   RO         5125    x$fpl$fnaninf       fz_ws.l(fnaninf.o)
    0x08006ab6   0x08006ab6   0x0000000a   Code   RO         5127    x$fpl$fretinf       fz_ws.l(fretinf.o)
    0x08006ac0   0x08006ac0   0x00000064   Code   RO         5184    x$fpl$retnan        fz_ws.l(retnan.o)
    0x08006b24   0x08006b24   0x0000005c   Code   RO         5023    x$fpl$scalbn        fz_ws.l(scalbn.o)
    0x08006b80   0x08006b80   0x00000030   Code   RO         5222    x$fpl$trapveneer    fz_ws.l(trapv.o)
    0x08006bb0   0x08006bb0   0x00000000   Code   RO         5129    x$fpl$usenofp       fz_ws.l(usenofp.o)
    0x08006bb0   0x08006bb0   0x0000001c   Data   RO          453    .constdata          ros_main.o
    0x08006bcc   0x08006bcc   0x00000010   Data   RO         4401    .constdata          system_stm32f1xx.o
    0x08006bdc   0x08006bdc   0x00000008   Data   RO         4402    .constdata          system_stm32f1xx.o
    0x08006be4   0x08006be4   0x00000018   Data   RO          638    .constdata__ZTVN13geometry_msgs5TwistE  ros_main.o
    0x08006bfc   0x08006bfc   0x00000018   Data   RO          636    .constdata__ZTVN13geometry_msgs7Vector3E  ros_main.o
    0x08006c14   0x08006c14   0x00000018   Data   RO          632    .constdata__ZTVN14rosserial_msgs20RequestParamResponseE  ros_main.o
    0x08006c2c   0x08006c2c   0x00000018   Data   RO          835    .constdata__ZTVN14rosserial_msgs3LogE  ros_main.o
    0x08006c44   0x08006c44   0x00000018   Data   RO          630    .constdata__ZTVN14rosserial_msgs9TopicInfoE  ros_main.o
    0x08006c5c   0x08006c5c   0x00000018   Data   RO          642    .constdata__ZTVN3ros10SubscriberIN13geometry_msgs5TwistEvEE  ros_main.o
    0x08006c74   0x08006c74   0x00000014   Data   RO          640    .constdata__ZTVN3ros11NodeHandle_I13STM32HardwareLi25ELi25ELi1024ELi1024EEE  ros_main.o
    0x08006c88   0x08006c88   0x00000018   Data   RO          628    .constdata__ZTVN8std_msgs4TimeE  ros_main.o
    0x08006ca0   0x08006ca0   0x00000018   Data   RO          634    .constdata__ZTVN8std_msgs6StringE  ros_main.o
    0x08006cb8   0x08006cb8   0x00000021   Data   RO          538    .constdata__ZZN13geometry_msgs5Twist6getMD5EvEs  ros_main.o
    0x08006cd9   0x08006cd9   0x00000014   Data   RO          537    .constdata__ZZN13geometry_msgs5Twist7getTypeEvEs  ros_main.o
    0x08006ced   0x08006ced   0x00000021   Data   RO          536    .constdata__ZZN13geometry_msgs7Vector36getMD5EvEs  ros_main.o
    0x08006d0e   0x08006d0e   0x00000016   Data   RO          535    .constdata__ZZN13geometry_msgs7Vector37getTypeEvEs  ros_main.o
    0x08006d24   0x08006d24   0x00000021   Data   RO          531    .constdata__ZZN14rosserial_msgs20RequestParamResponse6getMD5EvEs  ros_main.o
    0x08006d45   0x08006d45   0x00000021   Data   RO          530    .constdata__ZZN14rosserial_msgs3Log6getMD5EvEs  ros_main.o
    0x08006d66   0x08006d66   0x00000013   Data   RO          529    .constdata__ZZN14rosserial_msgs3Log7getTypeEvEs  ros_main.o
    0x08006d79   0x08006d79   0x00000021   Data   RO          527    .constdata__ZZN14rosserial_msgs9TopicInfo6getMD5EvEs  ros_main.o
    0x08006d9a   0x08006d9a   0x00000019   Data   RO          526    .constdata__ZZN14rosserial_msgs9TopicInfo7getTypeEvEs  ros_main.o
    0x08006db3   0x08006db3   0x00000001   Data   RO          525    .constdata__ZZN14rosserial_msgs9TopicInfoC1EvEs  ros_main.o
    0x08006db4   0x08006db4   0x00000039   Data   RO          539    .constdata__ZZN3ros11NodeHandle_I13STM32HardwareLi25ELi25ELi1024ELi1024EE7publishEiPKNS_3MsgEEs  ros_main.o
    0x08006ded   0x08006ded   0x00000021   Data   RO          524    .constdata__ZZN8std_msgs4Time6getMD5EvEs  ros_main.o
    0x08006e0e   0x08006e0e   0x0000000e   Data   RO          523    .constdata__ZZN8std_msgs4Time7getTypeEvEs  ros_main.o
    0x08006e1c   0x08006e1c   0x00000021   Data   RO          534    .constdata__ZZN8std_msgs6String6getMD5EvEs  ros_main.o
    0x08006e3d   0x08006e3d   0x00000010   Data   RO          533    .constdata__ZZN8std_msgs6String7getTypeEvEs  ros_main.o
    0x08006e4d   0x08006e4d   0x00000001   Data   RO          532    .constdata__ZZN8std_msgs6StringC1EvEs  ros_main.o
    0x08006e4e   0x08006e4e   0x00000002   PAD
    0x08006e50   0x08006e50   0x00000020   Data   RO         5291    Region$$Table       anon$$obj.o
    0x08006e70   0x08006e70   0x00000004   Data   RO          462    .init_array         ros_main.o
    0x08006e74   0x08006e70   0x00000000   Data   RO         4876    .init_array         c_w.l(init_aeabi.o)


    Execution Region RW_IRAM1 (Exec base: 0x20000000, Load base: 0x08006e74, Size: 0x00003bb0, Max: 0x00010000, ABSOLUTE, COMPRESSED[0x000000dc])

    Exec Addr    Load Addr    Size         Type   Attr      Idx    E Section Name        Object

    0x20000000   COMPRESSED   0x00000040   Data   RW          454    .data               ros_main.o
    0x20000040   COMPRESSED   0x0000001c   Data   RW         1234    .data               usbd_desc.o
    0x2000005c   COMPRESSED   0x00000032   Data   RW         1235    .data               usbd_desc.o
    0x2000008e   COMPRESSED   0x00000002   PAD
    0x20000090   COMPRESSED   0x00000010   Data   RW         1317    .data               usbd_cdc_if.o
    0x200000a0   COMPRESSED   0x0000000c   Data   RW         2089    .data               stm32f1xx_hal.o
    0x200000ac   COMPRESSED   0x00000004   Data   RW         4403    .data               system_stm32f1xx.o
    0x200000b0   COMPRESSED   0x00000001   Data   RW         4583    .data               usbd_ctlreq.o
    0x200000b1   COMPRESSED   0x00000003   PAD
    0x200000b4   COMPRESSED   0x000000d7   Data   RW         4715    .data               usbd_cdc.o
    0x2000018b   COMPRESSED   0x00000001   PAD
    0x2000018c   COMPRESSED   0x00000038   Data   RW         4716    .data               usbd_cdc.o
    0x200001c4   COMPRESSED   0x00000001   Data   RW          836    .data__ZZN13STM32Hardware5flushEvE5mutex  ros_main.o
    0x200001c5   COMPRESSED   0x00000003   PAD
    0x200001c8        -       0x000001b8   Zero   RW           22    .bss                main.o
    0x20000380        -       0x00000044   Zero   RW           23    .bss                main.o
    0x200003c4        -       0x00000044   Zero   RW           24    .bss                main.o
    0x20000408        -       0x00000da8   Zero   RW          452    .bss                ros_main.o
    0x200011b0        -       0x000002c4   Zero   RW         1195    .bss                usb_device.o
    0x20001474        -       0x00000200   Zero   RW         1233    .bss                usbd_desc.o
    0x20001674        -       0x000007d0   Zero   RW         1316    .bss                usbd_cdc_if.o
    0x20001e44        -       0x0000050c   Zero   RW         1395    .bss                usbd_conf.o
    0x20002350        -       0x00000060   Zero   RW         5131    .bss                c_w.l(libspace.o)
    0x200023b0        -       0x00001000   Zero   RW            2    HEAP                startup_stm32f103xe.o
    0x200033b0        -       0x00000800   Zero   RW            1    STACK               startup_stm32f103xe.o


==============================================================================

Image component sizes


      Code (inc. data)   RO Data    RW Data    ZI Data      Debug   Object Name

         0          0          0          0          0       4312   duration.o
      1214         88          0          0        576     514650   main.o
      4000        322        650         65       3496     502859   ros_main.o
        64         26        304          0       6144        876   startup_stm32f103xe.o
       164         28          0         12          0       7041   stm32f1xx_hal.o
       198         14          0          0          0      29343   stm32f1xx_hal_cortex.o
      1236         52          0          0          0       5586   stm32f1xx_hal_dma.o
       530         42          0          0          0       3781   stm32f1xx_hal_gpio.o
       102          0          0          0          0       2039   stm32f1xx_hal_iwdg.o
       700        100          0          0          0       4476   stm32f1xx_hal_msp.o
      2980          0          0          0          0      14893   stm32f1xx_hal_pcd.o
        60          0          0          0          0       1310   stm32f1xx_hal_pcd_ex.o
      1272        100          0          0          0       5596   stm32f1xx_hal_rcc.o
       236         12          0          0          0       1516   stm32f1xx_hal_rcc_ex.o
      1740         76          0          0          0      15555   stm32f1xx_hal_tim.o
       124         20          0          0          0       1460   stm32f1xx_hal_tim_ex.o
      1610         38          0          0          0      15848   stm32f1xx_hal_uart.o
        68         24          0          0          0       6529   stm32f1xx_it.o
      2758          0          0          0          0      17771   stm32f1xx_ll_usb.o
         2          0         24          4          0       1319   system_stm32f1xx.o
        32          4          0          0          0       1047   time.o
        84         18          0          0        708        924   usb_device.o
       726         16          0        271          0      14250   usbd_cdc.o
       112         22          0         16       2000       3740   usbd_cdc_if.o
       556         30          0          0       1292      15865   usbd_conf.o
       670          0          0          0          0      10403   usbd_core.o
      1186         28          0          1          0       8516   usbd_ctlreq.o
       288        104          0         78        512       6589   usbd_desc.o
       132          0          0          0          0       4792   usbd_ioreq.o

    ----------------------------------------------------------------------
     22894       1164       1012        456      14728    1222886   Object Totals
         0          0         32          0          0          0   (incl. Generated)
        50          0          2          9          0          0   (incl. Padding)

    ----------------------------------------------------------------------

      Code (inc. data)   RO Data    RW Data    ZI Data      Debug   Library Member Name

        90          0          0          0          0          0   __dczerorl2.o
         8          0          0          0          0         68   __main.o
         0          0          0          0          0          0   __rtentry.o
        12          0          0          0          0          0   __rtentry2.o
         6          0          0          0          0          0   __rtentry4.o
        52          8          0          0          0          0   __scatter.o
        28          0          0          0          0          0   __scatter_zi.o
        10          0          0          0          0         68   defsig_exit.o
        50          0          0          0          0         88   defsig_general.o
        80         58          0          0          0         76   defsig_rtmem_inner.o
        14          0          0          0          0         80   defsig_rtmem_outer.o
        18          0          0          0          0         80   exit.o
        94          0          0          0          0         80   h1_alloc.o
        52          0          0          0          0         68   h1_extend.o
        78          0          0          0          0         80   h1_free.o
        14          0          0          0          0         84   h1_init.o
       184          0          0          0          0         92   h1_realloc.o
         6          0          0          0          0        152   heapauxi.o
         4          0          0          0          0        136   hguard.o
         0          0          0          0          0          0   indicate_semi.o
        36         10          0          0          0         80   init_aeabi.o
       138          0          0          0          0        168   init_alloc.o
         2          0          0          0          0          0   libinit.o
        14          0          0          0          0          0   libinit2.o
         2          0          0          0          0          0   libshutdown.o
         2          0          0          0          0          0   libshutdown2.o
         8          4          0          0         96         68   libspace.o
         0          0          0          0          0          0   maybetermalloc1.o
         8          4          0          0          0         68   rt_heap_descriptor_intlibspace.o
        78          0          0          0          0         80   rt_memclr_w.o
       138          0          0          0          0         68   rt_memcpy_v6.o
       100          0          0          0          0         80   rt_memcpy_w.o
         2          0          0          0          0          0   rtexit.o
        10          0          0          0          0          0   rtexit2.o
        62          0          0          0          0         76   strlen.o
        12          4          0          0          0         68   sys_exit.o
        74          0          0          0          0         80   sys_stackheap_outer.o
        14          0          0          0          0         76   sys_wrch.o
         2          0          0          0          0         68   use_no_semi.o
        98          4          0          0          0         92   d2f.o
       826         16          0          0          0        348   daddsub_clz.o
        16          4          0          0          0         68   dcheck1.o
       688        140          0          0          0        208   ddiv.o
        94          4          0          0          0         92   dfix.o
        46          0          0          0          0         68   dflt_clz.o
       340         12          0          0          0        104   dmul.o
       156          4          0          0          0         92   dnaninf.o
        12          0          0          0          0         68   dretinf.o
        86          4          0          0          0         84   f2d.o
        62          4          0          0          0         84   ffixu.o
        38          0          0          0          0         68   fflt_clz.o
       140          4          0          0          0         84   fnaninf.o
        10          0          0          0          0         68   fretinf.o
       100          0          0          0          0         68   retnan.o
        92          0          0          0          0         68   scalbn.o
        48          0          0          0          0         68   trapv.o
         0          0          0          0          0          0   usenofp.o

    ----------------------------------------------------------------------
      4370        284          0          0         96       3864   Library Totals
        16          0          0          0          0          0   (incl. Padding)

    ----------------------------------------------------------------------

      Code (inc. data)   RO Data    RW Data    ZI Data      Debug   Library Name

      1502         88          0          0         96       2132   c_w.l
      2852        196          0          0          0       1732   fz_ws.l

    ----------------------------------------------------------------------
      4370        284          0          0         96       3864   Library Totals

    ----------------------------------------------------------------------

==============================================================================


      Code (inc. data)   RO Data    RW Data    ZI Data      Debug   

     27264       1448       1012        456      14824    1211562   Grand Totals
     27264       1448       1012        220      14824    1211562   ELF Image Totals (compressed)
     27264       1448       1012        220          0          0   ROM Totals

==============================================================================

    Total RO  Size (Code + RO Data)                28276 (  27.61kB)
    Total RW  Size (RW Data + ZI Data)             15280 (  14.92kB)
    Total ROM Size (Code + RO Data + RW Data)      28496 (  27.83kB)

==============================================================================

